Archive member included to satisfy reference by file (symbol)

g:/ac6/systemworkbench/plugins/fr.ac6.mcu.externaltools.arm-none.win32_1.13.2.201703061525/tools/compiler/bin/../lib/gcc/arm-none-eabi/5.4.1/armv7e-m/fpu\libgcc.a(_aeabi_uldivmod.o)
                              Drivers/STM32L4xx_HAL_Driver/Src/stm32l4xx_hal_uart.o (__aeabi_uldivmod)
g:/ac6/systemworkbench/plugins/fr.ac6.mcu.externaltools.arm-none.win32_1.13.2.201703061525/tools/compiler/bin/../lib/gcc/arm-none-eabi/5.4.1/armv7e-m/fpu\libgcc.a(_udivmoddi4.o)
                              g:/ac6/systemworkbench/plugins/fr.ac6.mcu.externaltools.arm-none.win32_1.13.2.201703061525/tools/compiler/bin/../lib/gcc/arm-none-eabi/5.4.1/armv7e-m/fpu\libgcc.a(_aeabi_uldivmod.o) (__udivmoddi4)
g:/ac6/systemworkbench/plugins/fr.ac6.mcu.externaltools.arm-none.win32_1.13.2.201703061525/tools/compiler/bin/../lib/gcc/arm-none-eabi/5.4.1/armv7e-m/fpu\libgcc.a(_dvmd_tls.o)
                              g:/ac6/systemworkbench/plugins/fr.ac6.mcu.externaltools.arm-none.win32_1.13.2.201703061525/tools/compiler/bin/../lib/gcc/arm-none-eabi/5.4.1/armv7e-m/fpu\libgcc.a(_aeabi_uldivmod.o) (__aeabi_ldiv0)
g:/ac6/systemworkbench/plugins/fr.ac6.mcu.externaltools.arm-none.win32_1.13.2.201703061525/tools/compiler/bin/../lib/gcc/arm-none-eabi/5.4.1/../../../../arm-none-eabi/lib/armv7e-m/fpu\libc_nano.a(lib_a-exit.o)
                              g:/ac6/systemworkbench/plugins/fr.ac6.mcu.externaltools.arm-none.win32_1.13.2.201703061525/tools/compiler/bin/../lib/gcc/arm-none-eabi/5.4.1/../../../../arm-none-eabi/lib/armv7e-m/fpu/crt0.o (exit)
g:/ac6/systemworkbench/plugins/fr.ac6.mcu.externaltools.arm-none.win32_1.13.2.201703061525/tools/compiler/bin/../lib/gcc/arm-none-eabi/5.4.1/../../../../arm-none-eabi/lib/armv7e-m/fpu\libc_nano.a(lib_a-impure.o)
                              g:/ac6/systemworkbench/plugins/fr.ac6.mcu.externaltools.arm-none.win32_1.13.2.201703061525/tools/compiler/bin/../lib/gcc/arm-none-eabi/5.4.1/../../../../arm-none-eabi/lib/armv7e-m/fpu\libc_nano.a(lib_a-exit.o) (_global_impure_ptr)
g:/ac6/systemworkbench/plugins/fr.ac6.mcu.externaltools.arm-none.win32_1.13.2.201703061525/tools/compiler/bin/../lib/gcc/arm-none-eabi/5.4.1/../../../../arm-none-eabi/lib/armv7e-m/fpu\libc_nano.a(lib_a-init.o)
                              g:/ac6/systemworkbench/plugins/fr.ac6.mcu.externaltools.arm-none.win32_1.13.2.201703061525/tools/compiler/bin/../lib/gcc/arm-none-eabi/5.4.1/../../../../arm-none-eabi/lib/armv7e-m/fpu/crt0.o (__libc_init_array)
g:/ac6/systemworkbench/plugins/fr.ac6.mcu.externaltools.arm-none.win32_1.13.2.201703061525/tools/compiler/bin/../lib/gcc/arm-none-eabi/5.4.1/../../../../arm-none-eabi/lib/armv7e-m/fpu\libc_nano.a(lib_a-memset.o)
                              g:/ac6/systemworkbench/plugins/fr.ac6.mcu.externaltools.arm-none.win32_1.13.2.201703061525/tools/compiler/bin/../lib/gcc/arm-none-eabi/5.4.1/../../../../arm-none-eabi/lib/armv7e-m/fpu/crt0.o (memset)
g:/ac6/systemworkbench/plugins/fr.ac6.mcu.externaltools.arm-none.win32_1.13.2.201703061525/tools/compiler/bin/../lib/gcc/arm-none-eabi/5.4.1/../../../../arm-none-eabi/lib/armv7e-m/fpu\libc_nano.a(lib_a-sprintf.o)
                              Src/dht11.o (sprintf)
g:/ac6/systemworkbench/plugins/fr.ac6.mcu.externaltools.arm-none.win32_1.13.2.201703061525/tools/compiler/bin/../lib/gcc/arm-none-eabi/5.4.1/../../../../arm-none-eabi/lib/armv7e-m/fpu\libc_nano.a(lib_a-nano-svfprintf.o)
                              g:/ac6/systemworkbench/plugins/fr.ac6.mcu.externaltools.arm-none.win32_1.13.2.201703061525/tools/compiler/bin/../lib/gcc/arm-none-eabi/5.4.1/../../../../arm-none-eabi/lib/armv7e-m/fpu\libc_nano.a(lib_a-sprintf.o) (_svfprintf_r)
g:/ac6/systemworkbench/plugins/fr.ac6.mcu.externaltools.arm-none.win32_1.13.2.201703061525/tools/compiler/bin/../lib/gcc/arm-none-eabi/5.4.1/../../../../arm-none-eabi/lib/armv7e-m/fpu\libc_nano.a(lib_a-nano-vfprintf_i.o)
                              g:/ac6/systemworkbench/plugins/fr.ac6.mcu.externaltools.arm-none.win32_1.13.2.201703061525/tools/compiler/bin/../lib/gcc/arm-none-eabi/5.4.1/../../../../arm-none-eabi/lib/armv7e-m/fpu\libc_nano.a(lib_a-nano-svfprintf.o) (_printf_i)
g:/ac6/systemworkbench/plugins/fr.ac6.mcu.externaltools.arm-none.win32_1.13.2.201703061525/tools/compiler/bin/../lib/gcc/arm-none-eabi/5.4.1/../../../../arm-none-eabi/lib/armv7e-m/fpu\libc_nano.a(lib_a-memchr.o)
                              g:/ac6/systemworkbench/plugins/fr.ac6.mcu.externaltools.arm-none.win32_1.13.2.201703061525/tools/compiler/bin/../lib/gcc/arm-none-eabi/5.4.1/../../../../arm-none-eabi/lib/armv7e-m/fpu\libc_nano.a(lib_a-nano-svfprintf.o) (memchr)
g:/ac6/systemworkbench/plugins/fr.ac6.mcu.externaltools.arm-none.win32_1.13.2.201703061525/tools/compiler/bin/../lib/gcc/arm-none-eabi/5.4.1/../../../../arm-none-eabi/lib/armv7e-m/fpu\libc_nano.a(lib_a-memcpy-stub.o)
[...]
Memory Configuration

Name             Origin             Length             Attributes
RAM              0x20000000         0x00018000         xrw
RAM2             0x10000000         0x00008000         xrw
FLASH            0x08000000         0x00100000         xr
*default*        0x00000000         0xffffffff

Linker script and memory map

LOAD g:/ac6/systemworkbench/plugins/fr.ac6.mcu.externaltools.arm-none.win32_1.13.2.201703061525/tools/compiler/bin/../lib/gcc/arm-none-eabi/5.4.1/armv7e-m/fpu/crti.o
LOAD g:/ac6/systemworkbench/plugins/fr.ac6.mcu.externaltools.arm-none.win32_1.13.2.201703061525/tools/compiler/bin/../lib/gcc/arm-none-eabi/5.4.1/armv7e-m/fpu/crtbegin.o
LOAD g:/ac6/systemworkbench/plugins/fr.ac6.mcu.externaltools.arm-none.win32_1.13.2.201703061525/tools/compiler/bin/../lib/gcc/arm-none-eabi/5.4.1/../../../../arm-none-eabi/lib/armv7e-m/fpu/crt0.o
LOAD g:/ac6/systemworkbench/plugins/fr.ac6.mcu.externaltools.arm-none.win32_1.13.2.201703061525/tools/compiler/bin/../lib/gcc/arm-none-eabi/5.4.1/../../../../arm-none-eabi/lib/armv7e-m/fpu\libm.a
LOAD Drivers/STM32L476G-Discovery/stm32l476g_discovery.o
LOAD Drivers/STM32L476G-Discovery/stm32l476g_discovery_glass_lcd.o
LOAD Drivers/STM32L4xx_HAL_Driver/Src/stm32l4xx_hal.o
LOAD Drivers/STM32L4xx_HAL_Driver/Src/stm32l4xx_hal_cortex.o
LOAD Drivers/STM32L4xx_HAL_Driver/Src/stm32l4xx_hal_dma.o
LOAD Drivers/STM32L4xx_HAL_Driver/Src/stm32l4xx_hal_flash.o
LOAD Drivers/STM32L4xx_HAL_Driver/Src/stm32l4xx_hal_flash_ex.o
LOAD Drivers/STM32L4xx_HAL_Driver/Src/stm32l4xx_hal_flash_ramfunc.o
LOAD Drivers/STM32L4xx_HAL_Driver/Src/stm32l4xx_hal_gpio.o
LOAD Drivers/STM32L4xx_HAL_Driver/Src/stm32l4xx_hal_i2c.o
LOAD Drivers/STM32L4xx_HAL_Driver/Src/stm32l4xx_hal_i2c_ex.o
LOAD Drivers/STM32L4xx_HAL_Driver/Src/stm32l4xx_hal_lcd.o
LOAD Drivers/STM32L4xx_HAL_Driver/Src/stm32l4xx_hal_lptim.o
LOAD Drivers/STM32L4xx_HAL_Driver/Src/stm32l4xx_hal_pwr.o
LOAD Drivers/STM32L4xx_HAL_Driver/Src/stm32l4xx_hal_pwr_ex.o
LOAD Drivers/STM32L4xx_HAL_Driver/Src/stm32l4xx_hal_rcc.o
LOAD Drivers/STM32L4xx_HAL_Driver/Src/stm32l4xx_hal_rcc_ex.o
LOAD Drivers/STM32L4xx_HAL_Driver/Src/stm32l4xx_hal_tim.o
LOAD Drivers/STM32L4xx_HAL_Driver/Src/stm32l4xx_hal_tim_ex.o
LOAD Drivers/STM32L4xx_HAL_Driver/Src/stm32l4xx_hal_uart.o
LOAD Drivers/STM32L4xx_HAL_Driver/Src/stm32l4xx_hal_uart_ex.o
LOAD Src/dht11.o
LOAD Src/display_manager.o
LOAD Src/main.o
LOAD Src/pmsensor.o
LOAD Src/stm32l4xx_hal_msp.o
LOAD Src/stm32l4xx_it.o
LOAD Src/system_stm32l4xx.o
LOAD startup/startup_stm32l476xx.o
START GROUP
LOAD g:/ac6/systemworkbench/plugins/fr.ac6.mcu.externaltools.arm-none.win32_1.13.2.201703061525/tools/compiler/bin/../lib/gcc/arm-none-eabi/5.4.1/armv7e-m/fpu\libgcc.a
LOAD g:/ac6/systemworkbench/plugins/fr.ac6.mcu.externaltools.arm-none.win32_1.13.2.201703061525/tools/compiler/bin/../lib/gcc/arm-none-eabi/5.4.1/../../../../arm-none-eabi/lib/armv7e-m/fpu\libc_nano.a
END GROUP
START GROUP
LOAD g:/ac6/systemworkbench/plugins/fr.ac6.mcu.externaltools.arm-none.win32_1.13.2.201703061525/tools/compiler/bin/../lib/gcc/arm-none-eabi/5.4.1/armv7e-m/fpu\libgcc.a
LOAD g:/ac6/systemworkbench/plugins/fr.ac6.mcu.externaltools.arm-none.win32_1.13.2.201703061525/tools/compiler/bin/../lib/gcc/arm-none-eabi/5.4.1/../../../../arm-none-eabi/lib/armv7e-m/fpu\libc_nano.a
LOAD g:/ac6/systemworkbench/plugins/fr.ac6.mcu.externaltools.arm-none.win32_1.13.2.201703061525/tools/compiler/bin/../lib/gcc/arm-none-eabi/5.4.1/../../../../arm-none-eabi/lib/armv7e-m/fpu\libnosys.a
END GROUP
START GROUP
LOAD g:/ac6/systemworkbench/plugins/fr.ac6.mcu.externaltools.arm-none.win32_1.13.2.201703061525/tools/compiler/bin/../lib/gcc/arm-none-eabi/5.4.1/armv7e-m/fpu\libgcc.a
LOAD g:/ac6/systemworkbench/plugins/fr.ac6.mcu.externaltools.arm-none.win32_1.13.2.201703061525/tools/compiler/bin/../lib/gcc/arm-none-eabi/5.4.1/../../../../arm-none-eabi/lib/armv7e-m/fpu\libc_nano.a
LOAD g:/ac6/systemworkbench/plugins/fr.ac6.mcu.externaltools.arm-none.win32_1.13.2.201703061525/tools/compiler/bin/../lib/gcc/arm-none-eabi/5.4.1/../../../../arm-none-eabi/lib/armv7e-m/fpu\libnosys.a
END GROUP
LOAD g:/ac6/systemworkbench/plugins/fr.ac6.mcu.externaltools.arm-none.win32_1.13.2.201703061525/tools/compiler/bin/../lib/gcc/arm-none-eabi/5.4.1/armv7e-m/fpu/crtend.o
LOAD g:/ac6/systemworkbench/plugins/fr.ac6.mcu.externaltools.arm-none.win32_1.13.2.201703061525/tools/compiler/bin/../lib/gcc/arm-none-eabi/5.4.1/armv7e-m/fpu/crtn.o
                0x20018000                _estack = 0x20018000
                0x00000200                _Min_Heap_Size = 0x200
                0x00000400                _Min_Stack_Size = 0x400

.isr_vector     0x08000000      0x188
                0x08000000                . = ALIGN (0x8)
 *(.isr_vector)
 .isr_vector    0x08000000      0x188 startup/startup_stm32l476xx.o
                0x08000000                g_pfnVectors
                0x08000188                . = ALIGN (0x8)

.text           0x08000190     0x5320
                0x08000190                . = ALIGN (0x8)
 *(.text)
 .text          0x08000190       0x5c g:/ac6/systemworkbench/plugins/fr.ac6.mcu.externaltools.arm-none.win32_1.13.2.201703061525/tools/compiler/bin/../lib/gcc/arm-none-eabi/5.4.1/armv7e-m/fpu/crtbegin.o
 .text          0x080001ec       0x30 g:/ac6/systemworkbench/plugins/fr.ac6.mcu.externaltools.arm-none.win32_1.13.2.201703061525/tools/compiler/bin/../lib/gcc/arm-none-eabi/5.4.1/armv7e-m/fpu\libgcc.a(_aeabi_uldivmod.o)
                0x080001ec                __aeabi_uldivmod
 .text          0x0800021c      0x2e4 g:/ac6/systemworkbench/plugins/fr.ac6.mcu.externaltools.arm-none.win32_1.13.2.201703061525/tools/compiler/bin/../lib/gcc/arm-none-eabi/5.4.1/armv7e-m/fpu\libgcc.a(_udivmoddi4.o)
                0x0800021c                __udivmoddi4
 .text          0x08000500        0x4 g:/ac6/systemworkbench/plugins/fr.ac6.mcu.externaltools.arm-none.win32_1.13.2.201703061525/tools/compiler/bin/../lib/gcc/arm-none-eabi/5.4.1/armv7e-m/fpu\libgcc.a(_dvmd_tls.o)
                0x08000500                __aeabi_idiv0
                0x08000500                __aeabi_ldiv0
 *fill*         0x08000504        0xc 
 .text          0x08000510       0xa0 g:/ac6/systemworkbench/plugins/fr.ac6.mcu.externaltools.arm-none.win32_1.13.2.201703061525/tools/compiler/bin/../lib/gcc/arm-none-eabi/5.4.1/../../../../arm-none-eabi/lib/armv7e-m/fpu\libc_nano.a(lib_a-memchr.o)
                0x08000510                memchr
 *(.text*)
 .text.Convert  0x080005b0      0x114 Drivers/STM32L476G-Discovery/stm32l476g_discovery_glass_lcd.o
 .text.LCD_MspInit
                0x080006c4      0x11c Drivers/STM32L476G-Discovery/stm32l476g_discovery_glass_lcd.o
 .text.WriteChar
                0x080007e0      0x52c Drivers/STM32L476G-Discovery/stm32l476g_discovery_glass_lcd.o
 .text.BSP_LCD_GLASS_BarLevelConfig
                0x08000d0c       0xe4 Drivers/STM32L476G-Discovery/stm32l476g_discovery_glass_lcd.o
                0x08000d0c                BSP_LCD_GLASS_BarLevelConfig
 .text.BSP_LCD_GLASS_DisplayString
                0x08000df0       0x38 Drivers/STM32L476G-Discovery/stm32l476g_discovery_glass_lcd.o
                0x08000df0                BSP_LCD_GLASS_DisplayString
 .text.BSP_LCD_GLASS_DisplayStrDeci
                0x08000e28       0x78 Drivers/STM32L476G-Discovery/stm32l476g_discovery_glass_lcd.o
                0x08000e28                BSP_LCD_GLASS_DisplayStrDeci
 .text.BSP_LCD_GLASS_Clear
                0x08000ea0       0x10 Drivers/STM32L476G-Discovery/stm32l476g_discovery_glass_lcd.o
                0x08000ea0                BSP_LCD_GLASS_Clear
 .text.BSP_LCD_GLASS_Init
                0x08000eb0       0x4c Drivers/STM32L476G-Discovery/stm32l476g_discovery_glass_lcd.o
                0x08000eb0                BSP_LCD_GLASS_Init
 .text.HAL_InitTick
                0x08000efc       0x2c Drivers/STM32L4xx_HAL_Driver/Src/stm32l4xx_hal.o
                0x08000efc                HAL_InitTick
 .text.HAL_Init
                0x08000f28       0x24 Drivers/STM32L4xx_HAL_Driver/Src/stm32l4xx_hal.o
                0x08000f28                HAL_Init
 .text.HAL_IncTick
                0x08000f4c       0x10 Drivers/STM32L4xx_HAL_Driver/Src/stm32l4xx_hal.o
                0x08000f4c                HAL_IncTick
 .text.HAL_GetTick
                0x08000f5c        0xc Drivers/STM32L4xx_HAL_Driver/Src/stm32l4xx_hal.o
                0x08000f5c                HAL_GetTick
 .text.HAL_Delay
                0x08000f68       0x20 Drivers/STM32L4xx_HAL_Driver/Src/stm32l4xx_hal.o
                0x08000f68                HAL_Delay
 .text.HAL_NVIC_SetPriorityGrouping
                0x08000f88       0x24 Drivers/STM32L4xx_HAL_Driver/Src/stm32l4xx_hal_cortex.o
                0x08000f88                HAL_NVIC_SetPriorityGrouping
 .text.HAL_NVIC_SetPriority
                0x08000fac       0x64 Drivers/STM32L4xx_HAL_Driver/Src/stm32l4xx_hal_cortex.o
                0x08000fac                HAL_NVIC_SetPriority
 .text.HAL_NVIC_EnableIRQ
                0x08001010       0x18 Drivers/STM32L4xx_HAL_Driver/Src/stm32l4xx_hal_cortex.o
                0x08001010                HAL_NVIC_EnableIRQ
 .text.HAL_SYSTICK_Config
                0x08001028       0x2c Drivers/STM32L4xx_HAL_Driver/Src/stm32l4xx_hal_cortex.o
                0x08001028                HAL_SYSTICK_Config
 .text.HAL_SYSTICK_CLKSourceConfig
                0x08001054       0x20 Drivers/STM32L4xx_HAL_Driver/Src/stm32l4xx_hal_cortex.o
                0x08001054                HAL_SYSTICK_CLKSourceConfig
 .text.HAL_SYSTICK_Callback
                0x08001074        0x4 Drivers/STM32L4xx_HAL_Driver/Src/stm32l4xx_hal_cortex.o
                0x08001074                HAL_SYSTICK_Callback
 .text.HAL_SYSTICK_IRQHandler
                0x08001078        0x8 Drivers/STM32L4xx_HAL_Driver/Src/stm32l4xx_hal_cortex.o
                0x08001078                HAL_SYSTICK_IRQHandler
 .text.DMA_SetConfig
                0x08001080       0x2c Drivers/STM32L4xx_HAL_Driver/Src/stm32l4xx_hal_dma.o
 .text.HAL_DMA_Init
                0x080010ac       0xf8 Drivers/STM32L4xx_HAL_Driver/Src/stm32l4xx_hal_dma.o
                0x080010ac                HAL_DMA_Init
 .text.HAL_DMA_Start_IT
                0x080011a4       0x78 Drivers/STM32L4xx_HAL_Driver/Src/stm32l4xx_hal_dma.o
                0x080011a4                HAL_DMA_Start_IT
 .text.HAL_DMA_Abort_IT
                0x0800121c       0x4c Drivers/STM32L4xx_HAL_Driver/Src/stm32l4xx_hal_dma.o
                0x0800121c                HAL_DMA_Abort_IT
 .text.HAL_DMA_IRQHandler
                0x08001268       0xb4 Drivers/STM32L4xx_HAL_Driver/Src/stm32l4xx_hal_dma.o
                0x08001268                HAL_DMA_IRQHandler
 .text.HAL_GPIO_Init
                0x0800131c      0x1cc Drivers/STM32L4xx_HAL_Driver/Src/stm32l4xx_hal_gpio.o
                0x0800131c                HAL_GPIO_Init
 .text.HAL_GPIO_ReadPin
                0x080014e8       0x10 Drivers/STM32L4xx_HAL_Driver/Src/stm32l4xx_hal_gpio.o
                0x080014e8                HAL_GPIO_ReadPin
 .text.HAL_GPIO_WritePin
                0x080014f8        0xc Drivers/STM32L4xx_HAL_Driver/Src/stm32l4xx_hal_gpio.o
                0x080014f8                HAL_GPIO_WritePin
 .text.HAL_LCD_MspInit
                0x08001504        0x4 Drivers/STM32L4xx_HAL_Driver/Src/stm32l4xx_hal_lcd.o
                0x08001504                HAL_LCD_MspInit
 .text.HAL_LCD_Write
                0x08001508       0x90 Drivers/STM32L4xx_HAL_Driver/Src/stm32l4xx_hal_lcd.o
                0x08001508                HAL_LCD_Write
 .text.HAL_LCD_UpdateDisplayRequest
                0x08001598       0x50 Drivers/STM32L4xx_HAL_Driver/Src/stm32l4xx_hal_lcd.o
                0x08001598                HAL_LCD_UpdateDisplayRequest
 .text.HAL_LCD_Clear
                0x080015e8       0x80 Drivers/STM32L4xx_HAL_Driver/Src/stm32l4xx_hal_lcd.o
                0x080015e8                HAL_LCD_Clear
 .text.LCD_WaitForSynchro
                0x08001668       0x30 Drivers/STM32L4xx_HAL_Driver/Src/stm32l4xx_hal_lcd.o
                0x08001668                LCD_WaitForSynchro
 .text.HAL_LCD_Init
                0x08001698      0x100 Drivers/STM32L4xx_HAL_Driver/Src/stm32l4xx_hal_lcd.o
                0x08001698                HAL_LCD_Init
 .text.HAL_LPTIM_Init
                0x08001798       0xa8 Drivers/STM32L4xx_HAL_Driver/Src/stm32l4xx_hal_lptim.o
                0x08001798                HAL_LPTIM_Init
 .text.HAL_LPTIM_Counter_Start_IT
                0x08001840       0x54 Drivers/STM32L4xx_HAL_Driver/Src/stm32l4xx_hal_lptim.o
                0x08001840                HAL_LPTIM_Counter_Start_IT
 .text.HAL_LPTIM_CompareMatchCallback
                0x08001894        0x4 Drivers/STM32L4xx_HAL_Driver/Src/stm32l4xx_hal_lptim.o
                0x08001894                HAL_LPTIM_CompareMatchCallback
 .text.HAL_LPTIM_TriggerCallback
                0x08001898        0x4 Drivers/STM32L4xx_HAL_Driver/Src/stm32l4xx_hal_lptim.o
                0x08001898                HAL_LPTIM_TriggerCallback
 .text.HAL_LPTIM_CompareWriteCallback
                0x0800189c        0x4 Drivers/STM32L4xx_HAL_Driver/Src/stm32l4xx_hal_lptim.o
                0x0800189c                HAL_LPTIM_CompareWriteCallback
 .text.HAL_LPTIM_AutoReloadWriteCallback
                0x080018a0        0x4 Drivers/STM32L4xx_HAL_Driver/Src/stm32l4xx_hal_lptim.o
                0x080018a0                HAL_LPTIM_AutoReloadWriteCallback
 .text.HAL_LPTIM_DirectionUpCallback
                0x080018a4        0x4 Drivers/STM32L4xx_HAL_Driver/Src/stm32l4xx_hal_lptim.o
                0x080018a4                HAL_LPTIM_DirectionUpCallback
 .text.HAL_LPTIM_DirectionDownCallback
                0x080018a8        0x4 Drivers/STM32L4xx_HAL_Driver/Src/stm32l4xx_hal_lptim.o
                0x080018a8                HAL_LPTIM_DirectionDownCallback
 .text.HAL_LPTIM_IRQHandler
                0x080018ac       0xc8 Drivers/STM32L4xx_HAL_Driver/Src/stm32l4xx_hal_lptim.o
                0x080018ac                HAL_LPTIM_IRQHandler
 .text.HAL_PWREx_GetVoltageRange
                0x08001974       0x10 Drivers/STM32L4xx_HAL_Driver/Src/stm32l4xx_hal_pwr_ex.o
                0x08001974                HAL_PWREx_GetVoltageRange
 .text.HAL_PWREx_ControlVoltageScaling
                0x08001984       0x90 Drivers/STM32L4xx_HAL_Driver/Src/stm32l4xx_hal_pwr_ex.o
                0x08001984                HAL_PWREx_ControlVoltageScaling
 .text.RCC_SetFlashLatencyFromMSIRange
                0x08001a14       0x90 Drivers/STM32L4xx_HAL_Driver/Src/stm32l4xx_hal_rcc.o
 .text.HAL_RCC_GetSysClockFreq
                0x08001aa4      0x174 Drivers/STM32L4xx_HAL_Driver/Src/stm32l4xx_hal_rcc.o
                0x08001aa4                HAL_RCC_GetSysClockFreq
 .text.HAL_RCC_OscConfig
                0x08001c18      0x5c0 Drivers/STM32L4xx_HAL_Driver/Src/stm32l4xx_hal_rcc.o
                0x08001c18                HAL_RCC_OscConfig
 .text.HAL_RCC_ClockConfig
                0x080021d8      0x1cc Drivers/STM32L4xx_HAL_Driver/Src/stm32l4xx_hal_rcc.o
                0x080021d8                HAL_RCC_ClockConfig
 .text.HAL_RCC_GetHCLKFreq
                0x080023a4        0xc Drivers/STM32L4xx_HAL_Driver/Src/stm32l4xx_hal_rcc.o
                0x080023a4                HAL_RCC_GetHCLKFreq
 .text.HAL_RCC_GetPCLK1Freq
                0x080023b0       0x30 Drivers/STM32L4xx_HAL_Driver/Src/stm32l4xx_hal_rcc.o
                0x080023b0                HAL_RCC_GetPCLK1Freq
 .text.HAL_RCC_GetPCLK2Freq
                0x080023e0       0x30 Drivers/STM32L4xx_HAL_Driver/Src/stm32l4xx_hal_rcc.o
                0x080023e0                HAL_RCC_GetPCLK2Freq
 .text.RCCEx_PLLSAI1_Config
                0x08002410      0x1f8 Drivers/STM32L4xx_HAL_Driver/Src/stm32l4xx_hal_rcc_ex.o
 .text.RCCEx_PLLSAI2_Config
                0x08002608      0x1b8 Drivers/STM32L4xx_HAL_Driver/Src/stm32l4xx_hal_rcc_ex.o
 .text.HAL_RCCEx_PeriphCLKConfig
                0x080027c0      0x438 Drivers/STM32L4xx_HAL_Driver/Src/stm32l4xx_hal_rcc_ex.o
                0x080027c0                HAL_RCCEx_PeriphCLKConfig
 .text.TIM_TI1_ConfigInputStage
                0x08002bf8       0x28 Drivers/STM32L4xx_HAL_Driver/Src/stm32l4xx_hal_tim.o
 .text.TIM_TI2_SetConfig
                0x08002c20       0x34 Drivers/STM32L4xx_HAL_Driver/Src/stm32l4xx_hal_tim.o
 .text.TIM_TI2_ConfigInputStage
                0x08002c54       0x28 Drivers/STM32L4xx_HAL_Driver/Src/stm32l4xx_hal_tim.o
 .text.TIM_TI3_SetConfig
                0x08002c7c       0x34 Drivers/STM32L4xx_HAL_Driver/Src/stm32l4xx_hal_tim.o
 .text.TIM_TI4_SetConfig
                0x08002cb0       0x34 Drivers/STM32L4xx_HAL_Driver/Src/stm32l4xx_hal_tim.o
 .text.TIM_ITRx_SetConfig
                0x08002ce4       0x10 Drivers/STM32L4xx_HAL_Driver/Src/stm32l4xx_hal_tim.o
 .text.HAL_TIM_IC_MspInit
                0x08002cf4        0x4 Drivers/STM32L4xx_HAL_Driver/Src/stm32l4xx_hal_tim.o
                0x08002cf4                HAL_TIM_IC_MspInit
 .text.HAL_TIM_PeriodElapsedCallback
                0x08002cf8        0x4 Drivers/STM32L4xx_HAL_Driver/Src/stm32l4xx_hal_tim.o
                0x08002cf8                HAL_TIM_PeriodElapsedCallback
 .text.HAL_TIM_OC_DelayElapsedCallback
                0x08002cfc        0x4 Drivers/STM32L4xx_HAL_Driver/Src/stm32l4xx_hal_tim.o
                0x08002cfc                HAL_TIM_OC_DelayElapsedCallback
 .text.HAL_TIM_IC_CaptureCallback
                0x08002d00        0x4 Drivers/STM32L4xx_HAL_Driver/Src/stm32l4xx_hal_tim.o
                0x08002d00                HAL_TIM_IC_CaptureCallback
 .text.HAL_TIM_PWM_PulseFinishedCallback
                0x08002d04        0x4 Drivers/STM32L4xx_HAL_Driver/Src/stm32l4xx_hal_tim.o
                0x08002d04                HAL_TIM_PWM_PulseFinishedCallback
 .text.HAL_TIM_TriggerCallback
                0x08002d08        0x4 Drivers/STM32L4xx_HAL_Driver/Src/stm32l4xx_hal_tim.o
                0x08002d08                HAL_TIM_TriggerCallback
 .text.HAL_TIM_IRQHandler
                0x08002d0c      0x174 Drivers/STM32L4xx_HAL_Driver/Src/stm32l4xx_hal_tim.o
                0x08002d0c                HAL_TIM_IRQHandler
 .text.TIM_Base_SetConfig
                0x08002e80       0xc0 Drivers/STM32L4xx_HAL_Driver/Src/stm32l4xx_hal_tim.o
                0x08002e80                TIM_Base_SetConfig
 .text.HAL_TIM_Base_Init
                0x08002f40       0x38 Drivers/STM32L4xx_HAL_Driver/Src/stm32l4xx_hal_tim.o
                0x08002f40                HAL_TIM_Base_Init
 .text.HAL_TIM_IC_Init
                0x08002f78       0x38 Drivers/STM32L4xx_HAL_Driver/Src/stm32l4xx_hal_tim.o
                0x08002f78                HAL_TIM_IC_Init
 .text.TIM_TI1_SetConfig
                0x08002fb0       0x90 Drivers/STM32L4xx_HAL_Driver/Src/stm32l4xx_hal_tim.o
                0x08002fb0                TIM_TI1_SetConfig
 .text.HAL_TIM_IC_ConfigChannel
                0x08003040       0xc0 Drivers/STM32L4xx_HAL_Driver/Src/stm32l4xx_hal_tim.o
                0x08003040                HAL_TIM_IC_ConfigChannel
 .text.TIM_ETR_SetConfig
                0x08003100       0x1c Drivers/STM32L4xx_HAL_Driver/Src/stm32l4xx_hal_tim.o
                0x08003100                TIM_ETR_SetConfig
 .text.HAL_TIM_ConfigClockSource
                0x0800311c      0x120 Drivers/STM32L4xx_HAL_Driver/Src/stm32l4xx_hal_tim.o
                0x0800311c                HAL_TIM_ConfigClockSource
 .text.HAL_TIMEx_MasterConfigSynchronization
                0x0800323c       0x58 Drivers/STM32L4xx_HAL_Driver/Src/stm32l4xx_hal_tim_ex.o
                0x0800323c                HAL_TIMEx_MasterConfigSynchronization
 .text.HAL_TIMEx_CommutationCallback
                0x08003294        0x4 Drivers/STM32L4xx_HAL_Driver/Src/stm32l4xx_hal_tim_ex.o
                0x08003294                HAL_TIMEx_CommutationCallback
 .text.HAL_TIMEx_BreakCallback
                0x08003298        0x4 Drivers/STM32L4xx_HAL_Driver/Src/stm32l4xx_hal_tim_ex.o
                0x08003298                HAL_TIMEx_BreakCallback
 .text.UART_EndTxTransfer
                0x0800329c       0x14 Drivers/STM32L4xx_HAL_Driver/Src/stm32l4xx_hal_uart.o
 .text.UART_EndRxTransfer
                0x080032b0       0x1c Drivers/STM32L4xx_HAL_Driver/Src/stm32l4xx_hal_uart.o
 .text.UART_Transmit_IT
                0x080032cc       0x6c Drivers/STM32L4xx_HAL_Driver/Src/stm32l4xx_hal_uart.o
 .text.HAL_UART_Receive_DMA
                0x08003338       0x9c Drivers/STM32L4xx_HAL_Driver/Src/stm32l4xx_hal_uart.o
                0x08003338                HAL_UART_Receive_DMA
 .text.HAL_UART_TxCpltCallback
                0x080033d4        0x4 Drivers/STM32L4xx_HAL_Driver/Src/stm32l4xx_hal_uart.o
                0x080033d4                HAL_UART_TxCpltCallback
 .text.UART_EndTransmit_IT
                0x080033d8       0x1c Drivers/STM32L4xx_HAL_Driver/Src/stm32l4xx_hal_uart.o
 .text.UART_DMAReceiveCplt
                0x080033f4       0x40 Drivers/STM32L4xx_HAL_Driver/Src/stm32l4xx_hal_uart.o
 .text.UART_Receive_IT
                0x08003434       0x84 Drivers/STM32L4xx_HAL_Driver/Src/stm32l4xx_hal_uart.o
 .text.HAL_UART_RxHalfCpltCallback
                0x080034b8        0x4 Drivers/STM32L4xx_HAL_Driver/Src/stm32l4xx_hal_uart.o
                0x080034b8                HAL_UART_RxHalfCpltCallback
 .text.UART_DMARxHalfCplt
                0x080034bc        0xc Drivers/STM32L4xx_HAL_Driver/Src/stm32l4xx_hal_uart.o
 .text.HAL_UART_ErrorCallback
                0x080034c8        0x4 Drivers/STM32L4xx_HAL_Driver/Src/stm32l4xx_hal_uart.o
                0x080034c8                HAL_UART_ErrorCallback
 .text.UART_DMAError
                0x080034cc       0x54 Drivers/STM32L4xx_HAL_Driver/Src/stm32l4xx_hal_uart.o
 .text.HAL_UART_IRQHandler
                0x08003520      0x15c Drivers/STM32L4xx_HAL_Driver/Src/stm32l4xx_hal_uart.o
                0x08003520                HAL_UART_IRQHandler
 .text.UART_DMAAbortOnError
                0x0800367c       0x14 Drivers/STM32L4xx_HAL_Driver/Src/stm32l4xx_hal_uart.o
 .text.UART_SetConfig
                0x08003690      0x3e4 Drivers/STM32L4xx_HAL_Driver/Src/stm32l4xx_hal_uart.o
                0x08003690                UART_SetConfig
 .text.UART_AdvFeatureConfig
                0x08003a74       0xc8 Drivers/STM32L4xx_HAL_Driver/Src/stm32l4xx_hal_uart.o
                0x08003a74                UART_AdvFeatureConfig
 .text.UART_WaitOnFlagUntilTimeout
                0x08003b3c       0x68 Drivers/STM32L4xx_HAL_Driver/Src/stm32l4xx_hal_uart.o
                0x08003b3c                UART_WaitOnFlagUntilTimeout
 .text.UART_CheckIdleState
                0x08003ba4       0x6c Drivers/STM32L4xx_HAL_Driver/Src/stm32l4xx_hal_uart.o
                0x08003ba4                UART_CheckIdleState
 .text.HAL_UART_Init
                0x08003c10       0x6c Drivers/STM32L4xx_HAL_Driver/Src/stm32l4xx_hal_uart.o
                0x08003c10                HAL_UART_Init
 .text.HAL_UARTEx_WakeupCallback
                0x08003c7c        0x4 Drivers/STM32L4xx_HAL_Driver/Src/stm32l4xx_hal_uart_ex.o
                0x08003c7c                HAL_UARTEx_WakeupCallback
 .text.dht11_init
                0x08003c80       0xa0 Src/dht11.o
                0x08003c80                dht11_init
 .text._dht11_init_measurement
                0x08003d20       0xac Src/dht11.o
                0x08003d20                _dht11_init_measurement
 .text._dht11_parse_results
                0x08003dcc       0x84 Src/dht11.o
                0x08003dcc                _dht11_parse_results
 .text._dht11_hum_title_callback
                0x08003e50       0x68 Src/dht11.o
                0x08003e50                _dht11_hum_title_callback
 .text._dht11_temp_title_callback
                0x08003eb8       0x70 Src/dht11.o
                0x08003eb8                _dht11_temp_title_callback
 .text.disp_mgr_init
                0x08003f28       0x28 Src/display_manager.o
                0x08003f28                disp_mgr_init
 .text.disp_mgr_timer_handler
                0x08003f50       0xf4 Src/display_manager.o
                0x08003f50                disp_mgr_timer_handler
 .text.disp_mgr_register
                0x08004044       0x44 Src/display_manager.o
                0x08004044                disp_mgr_register
 .text.MX_GPIO_Init
                0x08004088      0x2ec Src/main.o
 .text.MX_DMA_Init
                0x08004374       0x54 Src/main.o
 .text.MX_NVIC_Init
                0x080043c8       0x14 Src/main.o
 .text.Error_Handler
                0x080043dc        0x4 Src/main.o
                0x080043dc                Error_Handler
 .text.MX_UART4_Init
                0x080043e0       0x3c Src/main.o
 .text.MX_LPTIM1_Init
                0x0800441c       0x38 Src/main.o
 .text.MX_TIM2_Init
                0x08004454       0x80 Src/main.o
 .text.SystemClock_Config
                0x080044d4       0xac Src/main.o
                0x080044d4                SystemClock_Config
 .text.main     0x08004580       0x40 Src/main.o
                0x08004580                main
 .text.get_sum  0x080045c0       0x24 Src/pmsensor.o
                0x080045c0                get_sum
 .text.get_avg  0x080045e4       0x20 Src/pmsensor.o
                0x080045e4                get_avg
 .text.calculate_avg
                0x08004604        0xc Src/pmsensor.o
                0x08004604                calculate_avg
 .text.pm25_display_callback
                0x08004610       0xb4 Src/pmsensor.o
                0x08004610                pm25_display_callback
 .text.pm10_display_callback
                0x080046c4       0xb8 Src/pmsensor.o
                0x080046c4                pm10_display_callback
 .text.parse_buffer_data
                0x0800477c       0x98 Src/pmsensor.o
                0x0800477c                parse_buffer_data
 .text.pm_register_data_to_disp
                0x08004814       0x7c Src/pmsensor.o
                0x08004814                pm_register_data_to_disp
 .text.init_pm_data
                0x08004890       0x44 Src/pmsensor.o
                0x08004890                init_pm_data
 .text.HAL_MspInit
                0x080048d4       0x90 Src/stm32l4xx_hal_msp.o
                0x080048d4                HAL_MspInit
 .text.HAL_LPTIM_MspInit
                0x08004964       0x40 Src/stm32l4xx_hal_msp.o
                0x08004964                HAL_LPTIM_MspInit
 .text.HAL_TIM_Base_MspInit
                0x080049a4       0x90 Src/stm32l4xx_hal_msp.o
                0x080049a4                HAL_TIM_Base_MspInit
 .text.HAL_UART_MspInit
                0x08004a34       0x80 Src/stm32l4xx_hal_msp.o
                0x08004a34                HAL_UART_MspInit
 .text.SysTick_Handler
                0x08004ab4        0xc Src/stm32l4xx_it.o
                0x08004ab4                SysTick_Handler
 .text.DMA1_Channel1_IRQHandler
                0x08004ac0       0x10 Src/stm32l4xx_it.o
                0x08004ac0                DMA1_Channel1_IRQHandler
 .text.TIM2_IRQHandler
                0x08004ad0       0x10 Src/stm32l4xx_it.o
                0x08004ad0                TIM2_IRQHandler
 .text.UART4_IRQHandler
                0x08004ae0       0x10 Src/stm32l4xx_it.o
                0x08004ae0                UART4_IRQHandler
 .text.DMA2_Channel5_IRQHandler
                0x08004af0       0x10 Src/stm32l4xx_it.o
                0x08004af0                DMA2_Channel5_IRQHandler
 .text.LPTIM1_IRQHandler
                0x08004b00       0x10 Src/stm32l4xx_it.o
                0x08004b00                LPTIM1_IRQHandler
 .text.HAL_UART_RxCpltCallback
                0x08004b10       0x28 Src/stm32l4xx_it.o
                0x08004b10                HAL_UART_RxCpltCallback
 .text.HAL_LPTIM_AutoReloadMatchCallback
                0x08004b38        0x8 Src/stm32l4xx_it.o
                0x08004b38                HAL_LPTIM_AutoReloadMatchCallback
 .text.SystemInit
                0x08004b40       0x48 Src/system_stm32l4xx.o
                0x08004b40                SystemInit
 .text.Reset_Handler
                0x08004b88       0x50 startup/startup_stm32l476xx.o
                0x08004b88                Reset_Handler
 .text.Default_Handler
                0x08004bd8        0x2 startup/startup_stm32l476xx.o
                0x08004bd8                RTC_Alarm_IRQHandler
                0x08004bd8                EXTI2_IRQHandler
                0x08004bd8                TIM8_TRG_COM_IRQHandler
                0x08004bd8                TIM8_CC_IRQHandler
                0x08004bd8                DebugMon_Handler
                0x08004bd8                TIM1_CC_IRQHandler
                0x08004bd8                TSC_IRQHandler
                0x08004bd8                HardFault_Handler
                0x08004bd8                TAMP_STAMP_IRQHandler
                0x08004bd8                PendSV_Handler
                0x08004bd8                NMI_Handler
                0x08004bd8                EXTI3_IRQHandler
                0x08004bd8                LPTIM2_IRQHandler
                0x08004bd8                DFSDM1_FLT1_IRQHandler
                0x08004bd8                I2C3_ER_IRQHandler
                0x08004bd8                DFSDM1_FLT2_IRQHandler
                0x08004bd8                EXTI0_IRQHandler
                0x08004bd8                I2C2_EV_IRQHandler
                0x08004bd8                CAN1_RX0_IRQHandler
                0x08004bd8                FPU_IRQHandler
                0x08004bd8                TIM1_UP_TIM16_IRQHandler
                0x08004bd8                UsageFault_Handler
                0x08004bd8                ADC1_2_IRQHandler
                0x08004bd8                SPI1_IRQHandler
                0x08004bd8                TIM6_DAC_IRQHandler
                0x08004bd8                TIM8_UP_IRQHandler
                0x08004bd8                DMA2_Channel2_IRQHandler
                0x08004bd8                DMA1_Channel4_IRQHandler
                0x08004bd8                SAI2_IRQHandler
                0x08004bd8                DFSDM1_FLT3_IRQHandler
                0x08004bd8                USART3_IRQHandler
                0x08004bd8                DMA1_Channel7_IRQHandler
                0x08004bd8                CAN1_RX1_IRQHandler
                0x08004bd8                LCD_IRQHandler
                0x08004bd8                UART5_IRQHandler
                0x08004bd8                ADC3_IRQHandler
                0x08004bd8                TIM4_IRQHandler
                0x08004bd8                DMA2_Channel1_IRQHandler
                0x08004bd8                QUADSPI_IRQHandler
                0x08004bd8                I2C1_EV_IRQHandler
                0x08004bd8                DMA1_Channel6_IRQHandler
                0x08004bd8                DMA2_Channel4_IRQHandler
                0x08004bd8                TIM3_IRQHandler
                0x08004bd8                RCC_IRQHandler
                0x08004bd8                Default_Handler
                0x08004bd8                DMA2_Channel7_IRQHandler
                0x08004bd8                EXTI15_10_IRQHandler
                0x08004bd8                TIM7_IRQHandler
                0x08004bd8                SDMMC1_IRQHandler
                0x08004bd8                TIM5_IRQHandler
                0x08004bd8                I2C3_EV_IRQHandler
                0x08004bd8                EXTI9_5_IRQHandler
                0x08004bd8                RTC_WKUP_IRQHandler
                0x08004bd8                PVD_PVM_IRQHandler
                0x08004bd8                SPI2_IRQHandler
                0x08004bd8                MemManage_Handler
                0x08004bd8                CAN1_TX_IRQHandler
                0x08004bd8                SVC_Handler
                0x08004bd8                DMA1_Channel5_IRQHandler
                0x08004bd8                EXTI4_IRQHandler
                0x08004bd8                RNG_IRQHandler
                0x08004bd8                TIM1_TRG_COM_TIM17_IRQHandler
                0x08004bd8                DMA1_Channel3_IRQHandler
                0x08004bd8                COMP_IRQHandler
                0x08004bd8                WWDG_IRQHandler
                0x08004bd8                LPUART1_IRQHandler
                0x08004bd8                DMA2_Channel6_IRQHandler
                0x08004bd8                EXTI1_IRQHandler
                0x08004bd8                USART2_IRQHandler
                0x08004bd8                DFSDM1_FLT0_IRQHandler
                0x08004bd8                I2C2_ER_IRQHandler
                0x08004bd8                DMA1_Channel2_IRQHandler
                0x08004bd8                TIM8_BRK_IRQHandler
                0x08004bd8                CAN1_SCE_IRQHandler
                0x08004bd8                FLASH_IRQHandler
                0x08004bd8                BusFault_Handler
                0x08004bd8                USART1_IRQHandler
                0x08004bd8                OTG_FS_IRQHandler
                0x08004bd8                SPI3_IRQHandler
                0x08004bd8                I2C1_ER_IRQHandler
                0x08004bd8                FMC_IRQHandler
                0x08004bd8                SWPMI1_IRQHandler
                0x08004bd8                SAI1_IRQHandler
                0x08004bd8                DMA2_Channel3_IRQHandler
                0x08004bd8                TIM1_BRK_TIM15_IRQHandler
 *fill*         0x08004bda        0x2 
 .text.__libc_init_array
                0x08004bdc       0x4c g:/ac6/systemworkbench/plugins/fr.ac6.mcu.externaltools.arm-none.win32_1.13.2.201703061525/tools/compiler/bin/../lib/gcc/arm-none-eabi/5.4.1/../../../../arm-none-eabi/lib/armv7e-m/fpu\libc_nano.a(lib_a-init.o)
                0x08004bdc                __libc_init_array
 .text.memset   0x08004c28       0x10 g:/ac6/systemworkbench/plugins/fr.ac6.mcu.externaltools.arm-none.win32_1.13.2.201703061525/tools/compiler/bin/../lib/gcc/arm-none-eabi/5.4.1/../../../../arm-none-eabi/lib/armv7e-m/fpu\libc_nano.a(lib_a-memset.o)
                0x08004c28                memset
 .text.sprintf  0x08004c38       0x48 g:/ac6/systemworkbench/plugins/fr.ac6.mcu.externaltools.arm-none.win32_1.13.2.201703061525/tools/compiler/bin/../lib/gcc/arm-none-eabi/5.4.1/../../../../arm-none-eabi/lib/armv7e-m/fpu\libc_nano.a(lib_a-sprintf.o)
                0x08004c38                siprintf
                0x08004c38                sprintf
 .text.__ssputs_r
                0x08004c80       0xb2 g:/ac6/systemworkbench/plugins/fr.ac6.mcu.externaltools.arm-none.win32_1.13.2.201703061525/tools/compiler/bin/../lib/gcc/arm-none-eabi/5.4.1/../../../../arm-none-eabi/lib/armv7e-m/fpu\libc_nano.a(lib_a-nano-svfprintf.o)
                0x08004c80                __ssputs_r
 *fill*         0x08004d32        0x2 
 .text._svfprintf_r
                0x08004d34      0x1e8 g:/ac6/systemworkbench/plugins/fr.ac6.mcu.externaltools.arm-none.win32_1.13.2.201703061525/tools/compiler/bin/../lib/gcc/arm-none-eabi/5.4.1/../../../../arm-none-eabi/lib/armv7e-m/fpu\libc_nano.a(lib_a-nano-svfprintf.o)
                0x08004d34                _svfiprintf_r
                0x08004d34                _svfprintf_r
 .text._printf_common
                0x08004f1c       0xec g:/ac6/systemworkbench/plugins/fr.ac6.mcu.externaltools.arm-none.win32_1.13.2.201703061525/tools/compiler/bin/../lib/gcc/arm-none-eabi/5.4.1/../../../../arm-none-eabi/lib/armv7e-m/fpu\libc_nano.a(lib_a-nano-vfprintf_i.o)
                0x08004f1c                _printf_common
 .text._printf_i
                0x08005008      0x24c g:/ac6/systemworkbench/plugins/fr.ac6.mcu.externaltools.arm-none.win32_1.13.2.201703061525/tools/compiler/bin/../lib/gcc/arm-none-eabi/5.4.1/../../../../arm-none-eabi/lib/armv7e-m/fpu\libc_nano.a(lib_a-nano-vfprintf_i.o)
                0x08005008                _printf_i
 .text.memcpy   0x08005254       0x16 g:/ac6/systemworkbench/plugins/fr.ac6.mcu.externaltools.arm-none.win32_1.13.2.201703061525/tools/compiler/bin/../lib/gcc/arm-none-eabi/5.4.1/../../../../arm-none-eabi/lib/armv7e-m/fpu\libc_nano.a(lib_a-memcpy-stub.o)
                0x08005254                memcpy
 .text.memmove  0x0800526a       0x36 g:/ac6/systemworkbench/plugins/fr.ac6.mcu.externaltools.arm-none.win32_1.13.2.201703061525/tools/compiler/bin/../lib/gcc/arm-none-eabi/5.4.1/../../../../arm-none-eabi/lib/armv7e-m/fpu\libc_nano.a(lib_a-memmove.o)
                0x0800526a                memmove
 .text._free_r  0x080052a0       0x9c g:/ac6/systemworkbench/plugins/fr.ac6.mcu.externaltools.arm-none.win32_1.13.2.201703061525/tools/compiler/bin/../lib/gcc/arm-none-eabi/5.4.1/../../../../arm-none-eabi/lib/armv7e-m/fpu\libc_nano.a(lib_a-nano-freer.o)
                0x080052a0                _free_r
 .text._malloc_r
                0x0800533c       0xbc g:/ac6/systemworkbench/plugins/fr.ac6.mcu.externaltools.arm-none.win32_1.13.2.201703061525/tools/compiler/bin/../lib/gcc/arm-none-eabi/5.4.1/../../../../arm-none-eabi/lib/armv7e-m/fpu\libc_nano.a(lib_a-nano-mallocr.o)
                0x0800533c                _malloc_r
 .text._realloc_r
                0x080053f8       0x4c g:/ac6/systemworkbench/plugins/fr.ac6.mcu.externaltools.arm-none.win32_1.13.2.201703061525/tools/compiler/bin/../lib/gcc/arm-none-eabi/5.4.1/../../../../arm-none-eabi/lib/armv7e-m/fpu\libc_nano.a(lib_a-nano-reallocr.o)
                0x080053f8                _realloc_r
 .text._sbrk_r  0x08005444       0x20 g:/ac6/systemworkbench/plugins/fr.ac6.mcu.externaltools.arm-none.win32_1.13.2.201703061525/tools/compiler/bin/../lib/gcc/arm-none-eabi/5.4.1/../../../../arm-none-eabi/lib/armv7e-m/fpu\libc_nano.a(lib_a-sbrkr.o)
                0x08005444                _sbrk_r
 .text.__malloc_lock
                0x08005464        0x2 g:/ac6/systemworkbench/plugins/fr.ac6.mcu.externaltools.arm-none.win32_1.13.2.201703061525/tools/compiler/bin/../lib/gcc/arm-none-eabi/5.4.1/../../../../arm-none-eabi/lib/armv7e-m/fpu\libc_nano.a(lib_a-mlock.o)
                0x08005464                __malloc_lock
 .text.__malloc_unlock
                0x08005466        0x2 g:/ac6/systemworkbench/plugins/fr.ac6.mcu.externaltools.arm-none.win32_1.13.2.201703061525/tools/compiler/bin/../lib/gcc/arm-none-eabi/5.4.1/../../../../arm-none-eabi/lib/armv7e-m/fpu\libc_nano.a(lib_a-mlock.o)
                0x08005466                __malloc_unlock
 .text._malloc_usable_size_r
                0x08005468       0x14 g:/ac6/systemworkbench/plugins/fr.ac6.mcu.externaltools.arm-none.win32_1.13.2.201703061525/tools/compiler/bin/../lib/gcc/arm-none-eabi/5.4.1/../../../../arm-none-eabi/lib/armv7e-m/fpu\libc_nano.a(lib_a-nano-msizer.o)
                0x08005468                _malloc_usable_size_r
 .text._sbrk    0x0800547c       0x1c g:/ac6/systemworkbench/plugins/fr.ac6.mcu.externaltools.arm-none.win32_1.13.2.201703061525/tools/compiler/bin/../lib/gcc/arm-none-eabi/5.4.1/../../../../arm-none-eabi/lib/armv7e-m/fpu\libnosys.a(sbrk.o)
                0x0800547c                _sbrk
 *(.glue_7)
 .glue_7        0x08005498        0x0 linker stubs
 *(.glue_7t)
 .glue_7t       0x08005498        0x0 linker stubs
 *(.eh_frame)
 .eh_frame      0x08005498        0x0 g:/ac6/systemworkbench/plugins/fr.ac6.mcu.externaltools.arm-none.win32_1.13.2.201703061525/tools/compiler/bin/../lib/gcc/arm-none-eabi/5.4.1/armv7e-m/fpu/crtbegin.o
 *(.init)
 .init          0x08005498        0x4 g:/ac6/systemworkbench/plugins/fr.ac6.mcu.externaltools.arm-none.win32_1.13.2.201703061525/tools/compiler/bin/../lib/gcc/arm-none-eabi/5.4.1/armv7e-m/fpu/crti.o
                0x08005498                _init
 .init          0x0800549c        0x8 g:/ac6/systemworkbench/plugins/fr.ac6.mcu.externaltools.arm-none.win32_1.13.2.201703061525/tools/compiler/bin/../lib/gcc/arm-none-eabi/5.4.1/armv7e-m/fpu/crtn.o
 *(.fini)
 .fini          0x080054a4        0x4 g:/ac6/systemworkbench/plugins/fr.ac6.mcu.externaltools.arm-none.win32_1.13.2.201703061525/tools/compiler/bin/../lib/gcc/arm-none-eabi/5.4.1/armv7e-m/fpu/crti.o
                0x080054a4                _fini
 .fini          0x080054a8        0x8 g:/ac6/systemworkbench/plugins/fr.ac6.mcu.externaltools.arm-none.win32_1.13.2.201703061525/tools/compiler/bin/../lib/gcc/arm-none-eabi/5.4.1/armv7e-m/fpu/crtn.o
                0x080054b0                . = ALIGN (0x8)
                0x080054b0                _etext = .

.vfp11_veneer   0x080054b0        0x0
 .vfp11_veneer  0x080054b0        0x0 linker stubs

.v4_bx          0x080054b0        0x0
 .v4_bx         0x080054b0        0x0 linker stubs

.iplt           0x080054b0        0x0
 .iplt          0x080054b0        0x0 g:/ac6/systemworkbench/plugins/fr.ac6.mcu.externaltools.arm-none.win32_1.13.2.201703061525/tools/compiler/bin/../lib/gcc/arm-none-eabi/5.4.1/armv7e-m/fpu/crtbegin.o

.rodata         0x080054b0      0x120
                0x080054b0                . = ALIGN (0x8)
 *(.rodata)
 .rodata        0x080054b0       0x48 Drivers/STM32L476G-Discovery/stm32l476g_discovery_glass_lcd.o
                0x080054b0                NumberMap
                0x080054c4                CapLetterMap
 .rodata        0x080054f8       0x15 Src/dht11.o
                0x080054f8                humidity_title
                0x08005500                temperature_title
                0x08005508                temp_pattern
 *fill*         0x0800550d        0x3 
 .rodata        0x08005510       0x2c Src/pmsensor.o
                0x08005510                _data_pattern
                0x08005514                _pm25_title
                0x08005520                _pm10_title
                0x0800552c                _pm25_thresholds
                0x08005534                _pm10_thresholds
 .rodata        0x0800553c       0x48 Src/system_stm32l4xx.o
                0x0800553c                MSIRangeTable
                0x0800556c                AHBPrescTable
                0x0800557c                APBPrescTable
 *(.rodata*)
 .rodata.str1.4
                0x08005584        0xf Src/dht11.o
 *fill*         0x08005593        0x1 
 .rodata.str1.4
                0x08005594        0x4 Src/pmsensor.o
                                  0x3 (size before relaxing)
 .rodata.str1.1
                0x08005598       0x11 g:/ac6/systemworkbench/plugins/fr.ac6.mcu.externaltools.arm-none.win32_1.13.2.201703061525/tools/compiler/bin/../lib/gcc/arm-none-eabi/5.4.1/../../../../arm-none-eabi/lib/armv7e-m/fpu\libc_nano.a(lib_a-nano-svfprintf.o)
 .rodata.str1.1
                0x080055a9       0x22 g:/ac6/systemworkbench/plugins/fr.ac6.mcu.externaltools.arm-none.win32_1.13.2.201703061525/tools/compiler/bin/../lib/gcc/arm-none-eabi/5.4.1/../../../../arm-none-eabi/lib/armv7e-m/fpu\libc_nano.a(lib_a-nano-vfprintf_i.o)
                0x080055d0                . = ALIGN (0x8)
 *fill*         0x080055cb        0x5 

.ARM.extab      0x080055d0        0x0
                0x080055d0                . = ALIGN (0x8)
 *(.ARM.extab* .gnu.linkonce.armextab.*)
                0x080055d0                . = ALIGN (0x8)

.ARM            0x080055d0        0x8
                0x080055d0                . = ALIGN (0x8)
                0x080055d0                __exidx_start = .
 *(.ARM.exidx*)
 .ARM.exidx     0x080055d0        0x8 g:/ac6/systemworkbench/plugins/fr.ac6.mcu.externaltools.arm-none.win32_1.13.2.201703061525/tools/compiler/bin/../lib/gcc/arm-none-eabi/5.4.1/armv7e-m/fpu\libgcc.a(_udivmoddi4.o)
                0x080055d8                __exidx_end = .
                0x080055d8                . = ALIGN (0x8)

.rel.dyn        0x080055d8        0x0
 .rel.iplt      0x080055d8        0x0 g:/ac6/systemworkbench/plugins/fr.ac6.mcu.externaltools.arm-none.win32_1.13.2.201703061525/tools/compiler/bin/../lib/gcc/arm-none-eabi/5.4.1/armv7e-m/fpu/crtbegin.o

.preinit_array  0x080055d8        0x0
                0x080055d8                . = ALIGN (0x8)
                0x080055d8                PROVIDE (__preinit_array_start, .)
 *(.preinit_array*)
                0x080055d8                PROVIDE (__preinit_array_end, .)
                0x080055d8                . = ALIGN (0x8)

.init_array     0x080055d8        0x8
                0x080055d8                . = ALIGN (0x8)
                0x080055d8                PROVIDE (__init_array_start, .)
 *(SORT(.init_array.*))
 *(.init_array*)
 .init_array    0x080055d8        0x4 g:/ac6/systemworkbench/plugins/fr.ac6.mcu.externaltools.arm-none.win32_1.13.2.201703061525/tools/compiler/bin/../lib/gcc/arm-none-eabi/5.4.1/armv7e-m/fpu/crtbegin.o
                0x080055dc                PROVIDE (__init_array_end, .)
                0x080055e0                . = ALIGN (0x8)
 *fill*         0x080055dc        0x4 

.fini_array     0x080055e0        0x8
                0x080055e0                . = ALIGN (0x8)
                [!provide]                PROVIDE (__fini_array_start, .)
 *(SORT(.fini_array.*))
 *(.fini_array*)
 .fini_array    0x080055e0        0x4 g:/ac6/systemworkbench/plugins/fr.ac6.mcu.externaltools.arm-none.win32_1.13.2.201703061525/tools/compiler/bin/../lib/gcc/arm-none-eabi/5.4.1/armv7e-m/fpu/crtbegin.o
                [!provide]                PROVIDE (__fini_array_end, .)
                0x080055e8                . = ALIGN (0x8)
 *fill*         0x080055e4        0x4 
                0x080055e8                _sidata = LOADADDR (.data)

.data           0x20000000       0x78 load address 0x080055e8
                0x20000000                . = ALIGN (0x8)
                0x20000000                _sdata = .
 *(.data)
 .data          0x20000000        0x1 Drivers/STM32L476G-Discovery/stm32l476g_discovery_glass_lcd.o
                0x20000000                LCDBar
 *fill*         0x20000001        0x3 
 .data          0x20000004        0x7 Src/display_manager.o
                0x20000004                _no_data
 *fill*         0x2000000b        0x1 
 .data          0x2000000c        0x4 Src/system_stm32l4xx.o
                0x2000000c                SystemCoreClock
 *(.data*)
 .data.impure_data
                0x20000010       0x60 g:/ac6/systemworkbench/plugins/fr.ac6.mcu.externaltools.arm-none.win32_1.13.2.201703061525/tools/compiler/bin/../lib/gcc/arm-none-eabi/5.4.1/../../../../arm-none-eabi/lib/armv7e-m/fpu\libc_nano.a(lib_a-impure.o)
 .data._impure_ptr
                0x20000070        0x4 g:/ac6/systemworkbench/plugins/fr.ac6.mcu.externaltools.arm-none.win32_1.13.2.201703061525/tools/compiler/bin/../lib/gcc/arm-none-eabi/5.4.1/../../../../arm-none-eabi/lib/armv7e-m/fpu\libc_nano.a(lib_a-impure.o)
                0x20000070                _impure_ptr
                0x20000078                . = ALIGN (0x8)
 *fill*         0x20000074        0x4 
                0x20000078                _edata = .

.jcr            0x20000078        0x0 load address 0x08005660
 .jcr           0x20000078        0x0 g:/ac6/systemworkbench/plugins/fr.ac6.mcu.externaltools.arm-none.win32_1.13.2.201703061525/tools/compiler/bin/../lib/gcc/arm-none-eabi/5.4.1/armv7e-m/fpu/crtbegin.o

.igot.plt       0x20000078        0x0 load address 0x08005660
 .igot.plt      0x20000078        0x0 g:/ac6/systemworkbench/plugins/fr.ac6.mcu.externaltools.arm-none.win32_1.13.2.201703061525/tools/compiler/bin/../lib/gcc/arm-none-eabi/5.4.1/armv7e-m/fpu/crtbegin.o
                0x20000078                . = ALIGN (0x4)

.bss            0x20000078      0x470 load address 0x08005660
                0x20000078                _sbss = .
                0x20000078                __bss_start__ = _sbss
 *(.bss)
 .bss           0x20000078       0x1c g:/ac6/systemworkbench/plugins/fr.ac6.mcu.externaltools.arm-none.win32_1.13.2.201703061525/tools/compiler/bin/../lib/gcc/arm-none-eabi/5.4.1/armv7e-m/fpu/crtbegin.o
 *(.bss*)
 .bss.__malloc_sbrk_start
                0x20000094        0x4 g:/ac6/systemworkbench/plugins/fr.ac6.mcu.externaltools.arm-none.win32_1.13.2.201703061525/tools/compiler/bin/../lib/gcc/arm-none-eabi/5.4.1/../../../../arm-none-eabi/lib/armv7e-m/fpu\libc_nano.a(lib_a-nano-mallocr.o)
                0x20000094                __malloc_sbrk_start
 .bss.__malloc_free_list
                0x20000098        0x4 g:/ac6/systemworkbench/plugins/fr.ac6.mcu.externaltools.arm-none.win32_1.13.2.201703061525/tools/compiler/bin/../lib/gcc/arm-none-eabi/5.4.1/../../../../arm-none-eabi/lib/armv7e-m/fpu\libc_nano.a(lib_a-nano-mallocr.o)
                0x20000098                __malloc_free_list
 .bss.heap_end.4169
                0x2000009c        0x4 g:/ac6/systemworkbench/plugins/fr.ac6.mcu.externaltools.arm-none.win32_1.13.2.201703061525/tools/compiler/bin/../lib/gcc/arm-none-eabi/5.4.1/../../../../arm-none-eabi/lib/armv7e-m/fpu\libnosys.a(sbrk.o)
 *(COMMON)
 COMMON         0x200000a0       0x4c Drivers/STM32L476G-Discovery/stm32l476g_discovery_glass_lcd.o
                0x200000a0                Digit
                0x200000b0                LCDHandle
 COMMON         0x200000ec        0x4 Drivers/STM32L4xx_HAL_Driver/Src/stm32l4xx_hal.o
                0x200000ec                uwTick
 COMMON         0x200000f0      0x210 Src/dht11.o
                0x200000f0                _dht11_timing_data
                0x20000194                _dht11_data
                0x200001b4                _disp_mgr
 COMMON         0x20000300      0x1e4 Src/main.o
                0x20000300                hdma_uart4_rx
                0x20000348                hlptim1
                0x20000380                all_pm_data
                0x200003f0                huart4
                0x20000460                htim2
                0x2000049c                hdma_tim2_ch3
 COMMON         0x200004e4        0x4 g:/ac6/systemworkbench/plugins/fr.ac6.mcu.externaltools.arm-none.win32_1.13.2.201703061525/tools/compiler/bin/../lib/gcc/arm-none-eabi/5.4.1/../../../../arm-none-eabi/lib/armv7e-m/fpu\libc_nano.a(lib_a-reent.o)
                0x200004e4                errno
                0x200004e8                . = ALIGN (0x4)
                0x200004e8                _ebss = .
                0x200004e8                __bss_end__ = _ebss

._user_heap_stack
                0x200004e8      0x600 load address 0x08005660
                0x200004e8                . = ALIGN (0x8)
                0x200004e8                PROVIDE (end, .)
                [!provide]                PROVIDE (_end, .)
                0x200006e8                . = (. + _Min_Heap_Size)
 *fill*         0x200004e8      0x200 
                0x20000ae8                . = (. + _Min_Stack_Size)
 *fill*         0x200006e8      0x400 
                0x20000ae8                . = ALIGN (0x8)

/DISCARD/
 libc.a(*)
 libm.a(*)
 libgcc.a(*)

.ARM.attributes
                0x00000000       0x30
 *(.ARM.attributes)
 .ARM.attributes
                0x00000000       0x22 g:/ac6/systemworkbench/plugins/fr.ac6.mcu.externaltools.arm-none.win32_1.13.2.201703061525/tools/compiler/bin/../lib/gcc/arm-none-eabi/5.4.1/armv7e-m/fpu/crti.o
 .ARM.attributes
                0x00000022       0x34 g:/ac6/systemworkbench/plugins/fr.ac6.mcu.externaltools.arm-none.win32_1.13.2.201703061525/tools/compiler/bin/../lib/gcc/arm-none-eabi/5.4.1/armv7e-m/fpu/crtbegin.o
 .ARM.attributes
                0x00000056       0x39 Drivers/STM32L476G-Discovery/stm32l476g_discovery_glass_lcd.o
 .ARM.attributes
                0x0000008f       0x39 Drivers/STM32L4xx_HAL_Driver/Src/stm32l4xx_hal.o
 .ARM.attributes
                0x000000c8       0x39 Drivers/STM32L4xx_HAL_Driver/Src/stm32l4xx_hal_cortex.o
 .ARM.attributes
                0x00000101       0x39 Drivers/STM32L4xx_HAL_Driver/Src/stm32l4xx_hal_dma.o
 .ARM.attributes
                0x0000013a       0x39 Drivers/STM32L4xx_HAL_Driver/Src/stm32l4xx_hal_gpio.o
 .ARM.attributes
                0x00000173       0x39 Drivers/STM32L4xx_HAL_Driver/Src/stm32l4xx_hal_lcd.o
 .ARM.attributes
                0x000001ac       0x39 Drivers/STM32L4xx_HAL_Driver/Src/stm32l4xx_hal_lptim.o
 .ARM.attributes
                0x000001e5       0x39 Drivers/STM32L4xx_HAL_Driver/Src/stm32l4xx_hal_pwr_ex.o
 .ARM.attributes
                0x0000021e       0x39 Drivers/STM32L4xx_HAL_Driver/Src/stm32l4xx_hal_rcc.o
 .ARM.attributes
                0x00000257       0x39 Drivers/STM32L4xx_HAL_Driver/Src/stm32l4xx_hal_rcc_ex.o
 .ARM.attributes
                0x00000290       0x39 Drivers/STM32L4xx_HAL_Driver/Src/stm32l4xx_hal_tim.o
 .ARM.attributes
                0x000002c9       0x39 Drivers/STM32L4xx_HAL_Driver/Src/stm32l4xx_hal_tim_ex.o
 .ARM.attributes
                0x00000302       0x39 Drivers/STM32L4xx_HAL_Driver/Src/stm32l4xx_hal_uart.o
 .ARM.attributes
                0x0000033b       0x39 Drivers/STM32L4xx_HAL_Driver/Src/stm32l4xx_hal_uart_ex.o
 .ARM.attributes
                0x00000374       0x39 Src/dht11.o
 .ARM.attributes
                0x000003ad       0x39 Src/display_manager.o
 .ARM.attributes
                0x000003e6       0x39 Src/main.o
 .ARM.attributes
                0x0000041f       0x39 Src/pmsensor.o
 .ARM.attributes
                0x00000458       0x39 Src/stm32l4xx_hal_msp.o
 .ARM.attributes
                0x00000491       0x39 Src/stm32l4xx_it.o
 .ARM.attributes
                0x000004ca       0x39 Src/system_stm32l4xx.o
 .ARM.attributes
                0x00000503       0x21 startup/startup_stm32l476xx.o
 .ARM.attributes
                0x00000524       0x22 g:/ac6/systemworkbench/plugins/fr.ac6.mcu.externaltools.arm-none.win32_1.13.2.201703061525/tools/compiler/bin/../lib/gcc/arm-none-eabi/5.4.1/armv7e-m/fpu\libgcc.a(_aeabi_uldivmod.o)
 .ARM.attributes
                0x00000546       0x34 g:/ac6/systemworkbench/plugins/fr.ac6.mcu.externaltools.arm-none.win32_1.13.2.201703061525/tools/compiler/bin/../lib/gcc/arm-none-eabi/5.4.1/armv7e-m/fpu\libgcc.a(_udivmoddi4.o)
 .ARM.attributes
                0x0000057a       0x22 g:/ac6/systemworkbench/plugins/fr.ac6.mcu.externaltools.arm-none.win32_1.13.2.201703061525/tools/compiler/bin/../lib/gcc/arm-none-eabi/5.4.1/armv7e-m/fpu\libgcc.a(_dvmd_tls.o)
 .ARM.attributes
                0x0000059c       0x34 g:/ac6/systemworkbench/plugins/fr.ac6.mcu.externaltools.arm-none.win32_1.13.2.201703061525/tools/compiler/bin/../lib/gcc/arm-none-eabi/5.4.1/../../../../arm-none-eabi/lib/armv7e-m/fpu\libc_nano.a(lib_a-impure.o)
 .ARM.attributes
                0x000005d0       0x34 g:/ac6/systemworkbench/plugins/fr.ac6.mcu.externaltools.arm-none.win32_1.13.2.201703061525/tools/compiler/bin/../lib/gcc/arm-none-eabi/5.4.1/../../../../arm-none-eabi/lib/armv7e-m/fpu\libc_nano.a(lib_a-init.o)
 .ARM.attributes
                0x00000604       0x34 g:/ac6/systemworkbench/plugins/fr.ac6.mcu.externaltools.arm-none.win32_1.13.2.201703061525/tools/compiler/bin/../lib/gcc/arm-none-eabi/5.4.1/../../../../arm-none-eabi/lib/armv7e-m/fpu\libc_nano.a(lib_a-memset.o)
 .ARM.attributes
                0x00000638       0x34 g:/ac6/systemworkbench/plugins/fr.ac6.mcu.externaltools.arm-none.win32_1.13.2.201703061525/tools/compiler/bin/../lib/gcc/arm-none-eabi/5.4.1/../../../../arm-none-eabi/lib/armv7e-m/fpu\libc_nano.a(lib_a-sprintf.o)
 .ARM.attributes
                0x0000066c       0x34 g:/ac6/systemworkbench/plugins/fr.ac6.mcu.externaltools.arm-none.win32_1.13.2.201703061525/tools/compiler/bin/../lib/gcc/arm-none-eabi/5.4.1/../../../../arm-none-eabi/lib/armv7e-m/fpu\libc_nano.a(lib_a-nano-svfprintf.o)
 .ARM.attributes
                0x000006a0       0x34 g:/ac6/systemworkbench/plugins/fr.ac6.mcu.externaltools.arm-none.win32_1.13.2.201703061525/tools/compiler/bin/../lib/gcc/arm-none-eabi/5.4.1/../../../../arm-none-eabi/lib/armv7e-m/fpu\libc_nano.a(lib_a-nano-vfprintf_i.o)
 .ARM.attributes
                0x000006d4       0x20 g:/ac6/systemworkbench/plugins/fr.ac6.mcu.externaltools.arm-none.win32_1.13.2.201703061525/tools/compiler/bin/../lib/gcc/arm-none-eabi/5.4.1/../../../../arm-none-eabi/lib/armv7e-m/fpu\libc_nano.a(lib_a-memchr.o)
 .ARM.attributes
                0x000006f4       0x34 g:/ac6/systemworkbench/plugins/fr.ac6.mcu.externaltools.arm-none.win32_1.13.2.201703061525/tools/compiler/bin/../lib/gcc/arm-none-eabi/5.4.1/../../../../arm-none-eabi/lib/armv7e-m/fpu\libc_nano.a(lib_a-memcpy-stub.o)
 .ARM.attributes
                0x00000728       0x34 g:/ac6/systemworkbench/plugins/fr.ac6.mcu.externaltools.arm-none.win32_1.13.2.201703061525/tools/compiler/bin/../lib/gcc/arm-none-eabi/5.4.1/../../../../arm-none-eabi/lib/armv7e-m/fpu\libc_nano.a(lib_a-memmove.o)
 .ARM.attributes
                0x0000075c       0x34 g:/ac6/systemworkbench/plugins/fr.ac6.mcu.externaltools.arm-none.win32_1.13.2.201703061525/tools/compiler/bin/../lib/gcc/arm-none-eabi/5.4.1/../../../../arm-none-eabi/lib/armv7e-m/fpu\libc_nano.a(lib_a-nano-freer.o)
 .ARM.attributes
                0x00000790       0x34 g:/ac6/systemworkbench/plugins/fr.ac6.mcu.externaltools.arm-none.win32_1.13.2.201703061525/tools/compiler/bin/../lib/gcc/arm-none-eabi/5.4.1/../../../../arm-none-eabi/lib/armv7e-m/fpu\libc_nano.a(lib_a-nano-mallocr.o)
 .ARM.attributes
                0x000007c4       0x34 g:/ac6/systemworkbench/plugins/fr.ac6.mcu.externaltools.arm-none.win32_1.13.2.201703061525/tools/compiler/bin/../lib/gcc/arm-none-eabi/5.4.1/../../../../arm-none-eabi/lib/armv7e-m/fpu\libc_nano.a(lib_a-nano-reallocr.o)
 .ARM.attributes
                0x000007f8       0x34 g:/ac6/systemworkbench/plugins/fr.ac6.mcu.externaltools.arm-none.win32_1.13.2.201703061525/tools/compiler/bin/../lib/gcc/arm-none-eabi/5.4.1/../../../../arm-none-eabi/lib/armv7e-m/fpu\libc_nano.a(lib_a-sbrkr.o)
 .ARM.attributes
                0x0000082c       0x34 g:/ac6/systemworkbench/plugins/fr.ac6.mcu.externaltools.arm-none.win32_1.13.2.201703061525/tools/compiler/bin/../lib/gcc/arm-none-eabi/5.4.1/../../../../arm-none-eabi/lib/armv7e-m/fpu\libc_nano.a(lib_a-mlock.o)
 .ARM.attributes
                0x00000860       0x34 g:/ac6/systemworkbench/plugins/fr.ac6.mcu.externaltools.arm-none.win32_1.13.2.201703061525/tools/compiler/bin/../lib/gcc/arm-none-eabi/5.4.1/../../../../arm-none-eabi/lib/armv7e-m/fpu\libc_nano.a(lib_a-nano-msizer.o)
 .ARM.attributes
                0x00000894       0x34 g:/ac6/systemworkbench/plugins/fr.ac6.mcu.externaltools.arm-none.win32_1.13.2.201703061525/tools/compiler/bin/../lib/gcc/arm-none-eabi/5.4.1/../../../../arm-none-eabi/lib/armv7e-m/fpu\libc_nano.a(lib_a-reent.o)
 .ARM.attributes
                0x000008c8       0x34 g:/ac6/systemworkbench/plugins/fr.ac6.mcu.externaltools.arm-none.win32_1.13.2.201703061525/tools/compiler/bin/../lib/gcc/arm-none-eabi/5.4.1/../../../../arm-none-eabi/lib/armv7e-m/fpu\libnosys.a(sbrk.o)
 .ARM.attributes
                0x000008fc       0x22 g:/ac6/systemworkbench/plugins/fr.ac6.mcu.externaltools.arm-none.win32_1.13.2.201703061525/tools/compiler/bin/../lib/gcc/arm-none-eabi/5.4.1/armv7e-m/fpu/crtn.o
OUTPUT(maybethistimemythesis.elf elf32-littlearm)

.debug_info     0x00000000    0x15bc6
 .debug_info    0x00000000     0x1a6e Drivers/STM32L476G-Discovery/stm32l476g_discovery_glass_lcd.o
 .debug_info    0x00001a6e      0xb60 Drivers/STM32L4xx_HAL_Driver/Src/stm32l4xx_hal.o
 .debug_info    0x000025ce      0xe97 Drivers/STM32L4xx_HAL_Driver/Src/stm32l4xx_hal_cortex.o
 .debug_info    0x00003465      0x7f9 Drivers/STM32L4xx_HAL_Driver/Src/stm32l4xx_hal_dma.o
 .debug_info    0x00003c5e      0x7e8 Drivers/STM32L4xx_HAL_Driver/Src/stm32l4xx_hal_gpio.o
 .debug_info    0x00004446      0x5e4 Drivers/STM32L4xx_HAL_Driver/Src/stm32l4xx_hal_lcd.o
 .debug_info    0x00004a2a      0xbf7 Drivers/STM32L4xx_HAL_Driver/Src/stm32l4xx_hal_lptim.o
 .debug_info    0x00005621      0xa43 Drivers/STM32L4xx_HAL_Driver/Src/stm32l4xx_hal_pwr_ex.o
 .debug_info    0x00006064     0x1105 Drivers/STM32L4xx_HAL_Driver/Src/stm32l4xx_hal_rcc.o
 .debug_info    0x00007169     0x17e3 Drivers/STM32L4xx_HAL_Driver/Src/stm32l4xx_hal_rcc_ex.o
 .debug_info    0x0000894c     0x2f2a Drivers/STM32L4xx_HAL_Driver/Src/stm32l4xx_hal_tim.o
 .debug_info    0x0000b876     0x147b Drivers/STM32L4xx_HAL_Driver/Src/stm32l4xx_hal_tim_ex.o
 .debug_info    0x0000ccf1     0x1af8 Drivers/STM32L4xx_HAL_Driver/Src/stm32l4xx_hal_uart.o
 .debug_info    0x0000e7e9      0x937 Drivers/STM32L4xx_HAL_Driver/Src/stm32l4xx_hal_uart_ex.o
 .debug_info    0x0000f120      0xa58 Src/dht11.o
 .debug_info    0x0000fb78      0x69b Src/display_manager.o
 .debug_info    0x00010213     0x2086 Src/main.o
 .debug_info    0x00012299      0xef1 Src/pmsensor.o
 .debug_info    0x0001318a     0x149a Src/stm32l4xx_hal_msp.o
 .debug_info    0x00014624      0xf81 Src/stm32l4xx_it.o
 .debug_info    0x000155a5      0x5b2 Src/system_stm32l4xx.o
 .debug_info    0x00015b57       0x6f startup/startup_stm32l476xx.o

.debug_abbrev   0x00000000     0x2c5d
 .debug_abbrev  0x00000000      0x20d Drivers/STM32L476G-Discovery/stm32l476g_discovery_glass_lcd.o
 .debug_abbrev  0x0000020d      0x1f8 Drivers/STM32L4xx_HAL_Driver/Src/stm32l4xx_hal.o
 .debug_abbrev  0x00000405      0x2e2 Drivers/STM32L4xx_HAL_Driver/Src/stm32l4xx_hal_cortex.o
 .debug_abbrev  0x000006e7      0x201 Drivers/STM32L4xx_HAL_Driver/Src/stm32l4xx_hal_dma.o
 .debug_abbrev  0x000008e8      0x1cd Drivers/STM32L4xx_HAL_Driver/Src/stm32l4xx_hal_gpio.o
 .debug_abbrev  0x00000ab5      0x1bf Drivers/STM32L4xx_HAL_Driver/Src/stm32l4xx_hal_lcd.o
 .debug_abbrev  0x00000c74      0x1a2 Drivers/STM32L4xx_HAL_Driver/Src/stm32l4xx_hal_lptim.o
 .debug_abbrev  0x00000e16      0x235 Drivers/STM32L4xx_HAL_Driver/Src/stm32l4xx_hal_pwr_ex.o
 .debug_abbrev  0x0000104b      0x2ae Drivers/STM32L4xx_HAL_Driver/Src/stm32l4xx_hal_rcc.o
 .debug_abbrev  0x000012f9      0x2a7 Drivers/STM32L4xx_HAL_Driver/Src/stm32l4xx_hal_rcc_ex.o
 .debug_abbrev  0x000015a0      0x21b Drivers/STM32L4xx_HAL_Driver/Src/stm32l4xx_hal_tim.o
 .debug_abbrev  0x000017bb      0x21b Drivers/STM32L4xx_HAL_Driver/Src/stm32l4xx_hal_tim_ex.o
 .debug_abbrev  0x000019d6      0x25b Drivers/STM32L4xx_HAL_Driver/Src/stm32l4xx_hal_uart.o
 .debug_abbrev  0x00001c31      0x1eb Drivers/STM32L4xx_HAL_Driver/Src/stm32l4xx_hal_uart_ex.o
 .debug_abbrev  0x00001e1c      0x23b Src/dht11.o
 .debug_abbrev  0x00002057      0x212 Src/display_manager.o
 .debug_abbrev  0x00002269      0x2a5 Src/main.o
 .debug_abbrev  0x0000250e      0x244 Src/pmsensor.o
 .debug_abbrev  0x00002752      0x1dc Src/stm32l4xx_hal_msp.o
 .debug_abbrev  0x0000292e      0x1f8 Src/stm32l4xx_it.o
 .debug_abbrev  0x00002b26      0x125 Src/system_stm32l4xx.o
 .debug_abbrev  0x00002c4b       0x12 startup/startup_stm32l476xx.o

.debug_loc      0x00000000     0xbfd3
 .debug_loc     0x00000000      0xa84 Drivers/STM32L476G-Discovery/stm32l476g_discovery_glass_lcd.o
 .debug_loc     0x00000a84      0x103 Drivers/STM32L4xx_HAL_Driver/Src/stm32l4xx_hal.o
 .debug_loc     0x00000b87      0x527 Drivers/STM32L4xx_HAL_Driver/Src/stm32l4xx_hal_cortex.o
 .debug_loc     0x000010ae      0x6d9 Drivers/STM32L4xx_HAL_Driver/Src/stm32l4xx_hal_dma.o
 .debug_loc     0x00001787      0x30a Drivers/STM32L4xx_HAL_Driver/Src/stm32l4xx_hal_gpio.o
 .debug_loc     0x00001a91      0x38d Drivers/STM32L4xx_HAL_Driver/Src/stm32l4xx_hal_lcd.o
 .debug_loc     0x00001e1e      0x6ce Drivers/STM32L4xx_HAL_Driver/Src/stm32l4xx_hal_lptim.o
 .debug_loc     0x000024ec      0x8f5 Drivers/STM32L4xx_HAL_Driver/Src/stm32l4xx_hal_pwr_ex.o
 .debug_loc     0x00002de1      0x802 Drivers/STM32L4xx_HAL_Driver/Src/stm32l4xx_hal_rcc.o
 .debug_loc     0x000035e3     0x1ed3 Drivers/STM32L4xx_HAL_Driver/Src/stm32l4xx_hal_rcc_ex.o
 .debug_loc     0x000054b6     0x34c3 Drivers/STM32L4xx_HAL_Driver/Src/stm32l4xx_hal_tim.o
 .debug_loc     0x00008979     0x1431 Drivers/STM32L4xx_HAL_Driver/Src/stm32l4xx_hal_tim_ex.o
 .debug_loc     0x00009daa     0x15fb Drivers/STM32L4xx_HAL_Driver/Src/stm32l4xx_hal_uart.o
 .debug_loc     0x0000b3a5      0x2ac Drivers/STM32L4xx_HAL_Driver/Src/stm32l4xx_hal_uart_ex.o
 .debug_loc     0x0000b651      0x1a1 Src/dht11.o
 .debug_loc     0x0000b7f2       0xa3 Src/display_manager.o
 .debug_loc     0x0000b895      0x49a Src/pmsensor.o
 .debug_loc     0x0000bd2f       0xf1 Src/stm32l4xx_hal_msp.o
 .debug_loc     0x0000be20       0x42 Src/stm32l4xx_it.o
 .debug_loc     0x0000be62      0x171 Src/system_stm32l4xx.o

.debug_aranges  0x00000000     0x1078
 .debug_aranges
                0x00000000       0x98 Drivers/STM32L476G-Discovery/stm32l476g_discovery_glass_lcd.o
 .debug_aranges
                0x00000098      0x100 Drivers/STM32L4xx_HAL_Driver/Src/stm32l4xx_hal.o
 .debug_aranges
                0x00000198       0x98 Drivers/STM32L4xx_HAL_Driver/Src/stm32l4xx_hal_cortex.o
 .debug_aranges
                0x00000230       0x80 Drivers/STM32L4xx_HAL_Driver/Src/stm32l4xx_hal_dma.o
 .debug_aranges
                0x000002b0       0x58 Drivers/STM32L4xx_HAL_Driver/Src/stm32l4xx_hal_gpio.o
 .debug_aranges
                0x00000308       0x68 Drivers/STM32L4xx_HAL_Driver/Src/stm32l4xx_hal_lcd.o
 .debug_aranges
                0x00000370      0x158 Drivers/STM32L4xx_HAL_Driver/Src/stm32l4xx_hal_lptim.o
 .debug_aranges
                0x000004c8      0x148 Drivers/STM32L4xx_HAL_Driver/Src/stm32l4xx_hal_pwr_ex.o
 .debug_aranges
                0x00000610       0x88 Drivers/STM32L4xx_HAL_Driver/Src/stm32l4xx_hal_rcc.o
 .debug_aranges
                0x00000698       0xb8 Drivers/STM32L4xx_HAL_Driver/Src/stm32l4xx_hal_rcc_ex.o
 .debug_aranges
                0x00000750      0x378 Drivers/STM32L4xx_HAL_Driver/Src/stm32l4xx_hal_tim.o
 .debug_aranges
                0x00000ac8      0x150 Drivers/STM32L4xx_HAL_Driver/Src/stm32l4xx_hal_tim_ex.o
 .debug_aranges
                0x00000c18      0x1e8 Drivers/STM32L4xx_HAL_Driver/Src/stm32l4xx_hal_uart.o
 .debug_aranges
                0x00000e00       0x50 Drivers/STM32L4xx_HAL_Driver/Src/stm32l4xx_hal_uart_ex.o
 .debug_aranges
                0x00000e50       0x40 Src/dht11.o
 .debug_aranges
                0x00000e90       0x30 Src/display_manager.o
 .debug_aranges
                0x00000ec0       0x60 Src/main.o
 .debug_aranges
                0x00000f20       0x60 Src/pmsensor.o
 .debug_aranges
                0x00000f80       0x50 Src/stm32l4xx_hal_msp.o
 .debug_aranges
                0x00000fd0       0x58 Src/stm32l4xx_it.o
 .debug_aranges
                0x00001028       0x28 Src/system_stm32l4xx.o
 .debug_aranges
                0x00001050       0x28 startup/startup_stm32l476xx.o

.debug_ranges   0x00000000      0xf80
 .debug_ranges  0x00000000       0x88 Drivers/STM32L476G-Discovery/stm32l476g_discovery_glass_lcd.o
 .debug_ranges  0x00000088       0xf0 Drivers/STM32L4xx_HAL_Driver/Src/stm32l4xx_hal.o
 .debug_ranges  0x00000178       0x88 Drivers/STM32L4xx_HAL_Driver/Src/stm32l4xx_hal_cortex.o
 .debug_ranges  0x00000200       0x70 Drivers/STM32L4xx_HAL_Driver/Src/stm32l4xx_hal_dma.o
 .debug_ranges  0x00000270       0x48 Drivers/STM32L4xx_HAL_Driver/Src/stm32l4xx_hal_gpio.o
 .debug_ranges  0x000002b8       0x58 Drivers/STM32L4xx_HAL_Driver/Src/stm32l4xx_hal_lcd.o
 .debug_ranges  0x00000310      0x148 Drivers/STM32L4xx_HAL_Driver/Src/stm32l4xx_hal_lptim.o
 .debug_ranges  0x00000458      0x138 Drivers/STM32L4xx_HAL_Driver/Src/stm32l4xx_hal_pwr_ex.o
 .debug_ranges  0x00000590       0x90 Drivers/STM32L4xx_HAL_Driver/Src/stm32l4xx_hal_rcc.o
 .debug_ranges  0x00000620       0xa8 Drivers/STM32L4xx_HAL_Driver/Src/stm32l4xx_hal_rcc_ex.o
 .debug_ranges  0x000006c8      0x368 Drivers/STM32L4xx_HAL_Driver/Src/stm32l4xx_hal_tim.o
 .debug_ranges  0x00000a30      0x140 Drivers/STM32L4xx_HAL_Driver/Src/stm32l4xx_hal_tim_ex.o
 .debug_ranges  0x00000b70      0x1d8 Drivers/STM32L4xx_HAL_Driver/Src/stm32l4xx_hal_uart.o
 .debug_ranges  0x00000d48       0x40 Drivers/STM32L4xx_HAL_Driver/Src/stm32l4xx_hal_uart_ex.o
 .debug_ranges  0x00000d88       0x78 Src/dht11.o
 .debug_ranges  0x00000e00       0x20 Src/display_manager.o
 .debug_ranges  0x00000e20       0x50 Src/main.o
 .debug_ranges  0x00000e70       0x50 Src/pmsensor.o
 .debug_ranges  0x00000ec0       0x40 Src/stm32l4xx_hal_msp.o
 .debug_ranges  0x00000f00       0x48 Src/stm32l4xx_it.o
 .debug_ranges  0x00000f48       0x18 Src/system_stm32l4xx.o
 .debug_ranges  0x00000f60       0x20 startup/startup_stm32l476xx.o

.debug_macro    0x00000000     0x509f
 .debug_macro   0x00000000      0x362 Drivers/STM32L476G-Discovery/stm32l476g_discovery_glass_lcd.o
 .debug_macro   0x00000362      0x7c1 Drivers/STM32L476G-Discovery/stm32l476g_discovery_glass_lcd.o
 .debug_macro   0x00000b23      0x375 Drivers/STM32L4xx_HAL_Driver/Src/stm32l4xx_hal.o
 .debug_macro   0x00000e98      0x327 Drivers/STM32L4xx_HAL_Driver/Src/stm32l4xx_hal_cortex.o
 .debug_macro   0x000011bf      0x327 Drivers/STM32L4xx_HAL_Driver/Src/stm32l4xx_hal_dma.o
 .debug_macro   0x000014e6      0x366 Drivers/STM32L4xx_HAL_Driver/Src/stm32l4xx_hal_gpio.o
 .debug_macro   0x0000184c      0x32d Drivers/STM32L4xx_HAL_Driver/Src/stm32l4xx_hal_lcd.o
 .debug_macro   0x00001b79      0x327 Drivers/STM32L4xx_HAL_Driver/Src/stm32l4xx_hal_lptim.o
 .debug_macro   0x00001ea0      0x34b Drivers/STM32L4xx_HAL_Driver/Src/stm32l4xx_hal_pwr_ex.o
 .debug_macro   0x000021eb      0x369 Drivers/STM32L4xx_HAL_Driver/Src/stm32l4xx_hal_rcc.o
 .debug_macro   0x00002554      0x35d Drivers/STM32L4xx_HAL_Driver/Src/stm32l4xx_hal_rcc_ex.o
 .debug_macro   0x000028b1      0x328 Drivers/STM32L4xx_HAL_Driver/Src/stm32l4xx_hal_tim.o
 .debug_macro   0x00002bd9      0x339 Drivers/STM32L4xx_HAL_Driver/Src/stm32l4xx_hal_tim_ex.o
 .debug_macro   0x00002f12      0x339 Drivers/STM32L4xx_HAL_Driver/Src/stm32l4xx_hal_uart.o
 .debug_macro   0x0000324b      0x327 Drivers/STM32L4xx_HAL_Driver/Src/stm32l4xx_hal_uart_ex.o
 .debug_macro   0x00003572      0x358 Src/dht11.o
 .debug_macro   0x000038ca      0x3f2 Src/dht11.o
 .debug_macro   0x00003cbc       0x22 Src/dht11.o
 .debug_macro   0x00003cde      0x34e Src/display_manager.o
 .debug_macro   0x0000402c      0x360 Src/main.o
 .debug_macro   0x0000438c      0x358 Src/pmsensor.o
 .debug_macro   0x000046e4      0x327 Src/stm32l4xx_hal_msp.o
 .debug_macro   0x00004a0b      0x366 Src/stm32l4xx_it.o
 .debug_macro   0x00004d71      0x32e Src/system_stm32l4xx.o

.debug_line     0x00000000     0xf1e1
 .debug_line    0x00000000      0xaa6 Drivers/STM32L476G-Discovery/stm32l476g_discovery_glass_lcd.o
 .debug_line    0x00000aa6      0x9fd Drivers/STM32L4xx_HAL_Driver/Src/stm32l4xx_hal.o
 .debug_line    0x000014a3      0x9b7 Drivers/STM32L4xx_HAL_Driver/Src/stm32l4xx_hal_cortex.o
 .debug_line    0x00001e5a      0xa2c Drivers/STM32L4xx_HAL_Driver/Src/stm32l4xx_hal_dma.o
 .debug_line    0x00002886      0x94f Drivers/STM32L4xx_HAL_Driver/Src/stm32l4xx_hal_gpio.o
 .debug_line    0x000031d5      0x96a Drivers/STM32L4xx_HAL_Driver/Src/stm32l4xx_hal_lcd.o
 .debug_line    0x00003b3f      0xbbd Drivers/STM32L4xx_HAL_Driver/Src/stm32l4xx_hal_lptim.o
 .debug_line    0x000046fc      0xc2c Drivers/STM32L4xx_HAL_Driver/Src/stm32l4xx_hal_pwr_ex.o
 .debug_line    0x00005328      0xbfa Drivers/STM32L4xx_HAL_Driver/Src/stm32l4xx_hal_rcc.o
 .debug_line    0x00005f22      0xf54 Drivers/STM32L4xx_HAL_Driver/Src/stm32l4xx_hal_rcc_ex.o
 .debug_line    0x00006e76     0x197e Drivers/STM32L4xx_HAL_Driver/Src/stm32l4xx_hal_tim.o
 .debug_line    0x000087f4      0xe4d Drivers/STM32L4xx_HAL_Driver/Src/stm32l4xx_hal_tim_ex.o
 .debug_line    0x00009641     0x1285 Drivers/STM32L4xx_HAL_Driver/Src/stm32l4xx_hal_uart.o
 .debug_line    0x0000a8c6      0x905 Drivers/STM32L4xx_HAL_Driver/Src/stm32l4xx_hal_uart_ex.o
 .debug_line    0x0000b1cb      0x993 Src/dht11.o
 .debug_line    0x0000bb5e      0x8cd Src/display_manager.o
 .debug_line    0x0000c42b      0x9e6 Src/main.o
 .debug_line    0x0000ce11      0x9a3 Src/pmsensor.o
 .debug_line    0x0000d7b4      0x892 Src/stm32l4xx_hal_msp.o
 .debug_line    0x0000e046      0x90a Src/stm32l4xx_it.o
 .debug_line    0x0000e950      0x812 Src/system_stm32l4xx.o
 .debug_line    0x0000f162       0x7f startup/startup_stm32l476xx.o

.debug_str      0x00000000    0xf65c8
 .debug_str     0x00000000    0xf17b3 Drivers/STM32L476G-Discovery/stm32l476g_discovery_glass_lcd.o
                              0xf1b4a (size before relaxing)
 .debug_str     0x000f17b3      0xa1a Drivers/STM32L4xx_HAL_Driver/Src/stm32l4xx_hal.o
                              0xed729 (size before relaxing)
 .debug_str     0x000f21cd      0x370 Drivers/STM32L4xx_HAL_Driver/Src/stm32l4xx_hal_cortex.o
                              0xed3bc (size before relaxing)
 .debug_str     0x000f253d      0x3a7 Drivers/STM32L4xx_HAL_Driver/Src/stm32l4xx_hal_dma.o
                              0xece22 (size before relaxing)
 .debug_str     0x000f28e4      0x27c Drivers/STM32L4xx_HAL_Driver/Src/stm32l4xx_hal_gpio.o
                              0xece74 (size before relaxing)
 .debug_str     0x000f2b60       0xbc Drivers/STM32L4xx_HAL_Driver/Src/stm32l4xx_hal_lcd.o
                              0xecc7a (size before relaxing)
 .debug_str     0x000f2c1c      0x5a6 Drivers/STM32L4xx_HAL_Driver/Src/stm32l4xx_hal_lptim.o
                              0xed001 (size before relaxing)
 .debug_str     0x000f31c2      0x4ab Drivers/STM32L4xx_HAL_Driver/Src/stm32l4xx_hal_pwr_ex.o
                              0xed0d1 (size before relaxing)
 .debug_str     0x000f366d      0x44d Drivers/STM32L4xx_HAL_Driver/Src/stm32l4xx_hal_rcc.o
                              0xed22b (size before relaxing)
 .debug_str     0x000f3aba      0x3bb Drivers/STM32L4xx_HAL_Driver/Src/stm32l4xx_hal_rcc_ex.o
                              0xed38e (size before relaxing)
 .debug_str     0x000f3e75      0xe9e Drivers/STM32L4xx_HAL_Driver/Src/stm32l4xx_hal_tim.o
                              0xedb94 (size before relaxing)
 .debug_str     0x000f4d13      0x65b Drivers/STM32L4xx_HAL_Driver/Src/stm32l4xx_hal_tim_ex.o
                              0xed5c6 (size before relaxing)
 .debug_str     0x000f536e      0xa13 Drivers/STM32L4xx_HAL_Driver/Src/stm32l4xx_hal_uart.o
                              0xed831 (size before relaxing)
 .debug_str     0x000f5d81      0x146 Drivers/STM32L4xx_HAL_Driver/Src/stm32l4xx_hal_uart_ex.o
                              0xed059 (size before relaxing)
 .debug_str     0x000f5ec7      0x2d1 Src/dht11.o
                              0xf1572 (size before relaxing)
 .debug_str     0x000f6198       0x62 Src/display_manager.o
                              0xf140f (size before relaxing)
 .debug_str     0x000f61fa      0x171 Src/main.o
                              0xf2801 (size before relaxing)
 .debug_str     0x000f636b      0x14b Src/pmsensor.o
                              0xf19bd (size before relaxing)
 .debug_str     0x000f64b6       0x25 Src/stm32l4xx_hal_msp.o
                              0xed9f9 (size before relaxing)
 .debug_str     0x000f64db       0x9d Src/stm32l4xx_it.o
                              0xf1bee (size before relaxing)
 .debug_str     0x000f6578       0x50 Src/system_stm32l4xx.o
                              0xecbe5 (size before relaxing)

.comment        0x00000000       0x6e
 .comment       0x00000000       0x6e Drivers/STM32L476G-Discovery/stm32l476g_discovery_glass_lcd.o
                                 0x6f (size before relaxing)
 .comment       0x0000006e       0x6f Drivers/STM32L4xx_HAL_Driver/Src/stm32l4xx_hal.o
 .comment       0x0000006e       0x6f Drivers/STM32L4xx_HAL_Driver/Src/stm32l4xx_hal_cortex.o
 .comment       0x0000006e       0x6f Drivers/STM32L4xx_HAL_Driver/Src/stm32l4xx_hal_dma.o
 .comment       0x0000006e       0x6f Drivers/STM32L4xx_HAL_Driver/Src/stm32l4xx_hal_gpio.o
 .comment       0x0000006e       0x6f Drivers/STM32L4xx_HAL_Driver/Src/stm32l4xx_hal_lcd.o
 .comment       0x0000006e       0x6f Drivers/STM32L4xx_HAL_Driver/Src/stm32l4xx_hal_lptim.o
 .comment       0x0000006e       0x6f Drivers/STM32L4xx_HAL_Driver/Src/stm32l4xx_hal_pwr_ex.o
 .comment       0x0000006e       0x6f Drivers/STM32L4xx_HAL_Driver/Src/stm32l4xx_hal_rcc.o
 .comment       0x0000006e       0x6f Drivers/STM32L4xx_HAL_Driver/Src/stm32l4xx_hal_rcc_ex.o
 .comment       0x0000006e       0x6f Drivers/STM32L4xx_HAL_Driver/Src/stm32l4xx_hal_tim.o
 .comment       0x0000006e       0x6f Drivers/STM32L4xx_HAL_Driver/Src/stm32l4xx_hal_tim_ex.o
 .comment       0x0000006e       0x6f Drivers/STM32L4xx_HAL_Driver/Src/stm32l4xx_hal_uart.o
 .comment       0x0000006e       0x6f Drivers/STM32L4xx_HAL_Driver/Src/stm32l4xx_hal_uart_ex.o
 .comment       0x0000006e       0x6f Src/dht11.o
 .comment       0x0000006e       0x6f Src/display_manager.o
 .comment       0x0000006e       0x6f Src/main.o
 .comment       0x0000006e       0x6f Src/pmsensor.o
 .comment       0x0000006e       0x6f Src/stm32l4xx_hal_msp.o
 .comment       0x0000006e       0x6f Src/stm32l4xx_it.o
 .comment       0x0000006e       0x6f Src/system_stm32l4xx.o

.debug_frame    0x00000000     0x2ec8
 .debug_frame   0x00000000      0x1d4 Drivers/STM32L476G-Discovery/stm32l476g_discovery_glass_lcd.o
 .debug_frame   0x000001d4      0x20c Drivers/STM32L4xx_HAL_Driver/Src/stm32l4xx_hal.o
 .debug_frame   0x000003e0      0x134 Drivers/STM32L4xx_HAL_Driver/Src/stm32l4xx_hal_cortex.o
 .debug_frame   0x00000514      0x158 Drivers/STM32L4xx_HAL_Driver/Src/stm32l4xx_hal_dma.o
 .debug_frame   0x0000066c       0xc4 Drivers/STM32L4xx_HAL_Driver/Src/stm32l4xx_hal_gpio.o
 .debug_frame   0x00000730      0x104 Drivers/STM32L4xx_HAL_Driver/Src/stm32l4xx_hal_lcd.o
 .debug_frame   0x00000834      0x340 Drivers/STM32L4xx_HAL_Driver/Src/stm32l4xx_hal_lptim.o
 .debug_frame   0x00000b74      0x278 Drivers/STM32L4xx_HAL_Driver/Src/stm32l4xx_hal_pwr_ex.o
 .debug_frame   0x00000dec      0x158 Drivers/STM32L4xx_HAL_Driver/Src/stm32l4xx_hal_rcc.o
 .debug_frame   0x00000f44      0x1f0 Drivers/STM32L4xx_HAL_Driver/Src/stm32l4xx_hal_rcc_ex.o
 .debug_frame   0x00001134      0xa0c Drivers/STM32L4xx_HAL_Driver/Src/stm32l4xx_hal_tim.o
 .debug_frame   0x00001b40      0x424 Drivers/STM32L4xx_HAL_Driver/Src/stm32l4xx_hal_tim_ex.o
 .debug_frame   0x00001f64      0x564 Drivers/STM32L4xx_HAL_Driver/Src/stm32l4xx_hal_uart.o
 .debug_frame   0x000024c8       0xcc Drivers/STM32L4xx_HAL_Driver/Src/stm32l4xx_hal_uart_ex.o
 .debug_frame   0x00002594       0xc0 Src/dht11.o
 .debug_frame   0x00002654       0x78 Src/display_manager.o
 .debug_frame   0x000026cc      0x108 Src/main.o
 .debug_frame   0x000027d4      0x114 Src/pmsensor.o
 .debug_frame   0x000028e8       0xec Src/stm32l4xx_hal_msp.o
 .debug_frame   0x000029d4       0xd0 Src/stm32l4xx_it.o
 .debug_frame   0x00002aa4       0x30 Src/system_stm32l4xx.o
 .debug_frame   0x00002ad4       0x2c g:/ac6/systemworkbench/plugins/fr.ac6.mcu.externaltools.arm-none.win32_1.13.2.201703061525/tools/compiler/bin/../lib/gcc/arm-none-eabi/5.4.1/armv7e-m/fpu\libgcc.a(_aeabi_uldivmod.o)
 .debug_frame   0x00002b00       0x34 g:/ac6/systemworkbench/plugins/fr.ac6.mcu.externaltools.arm-none.win32_1.13.2.201703061525/tools/compiler/bin/../lib/gcc/arm-none-eabi/5.4.1/armv7e-m/fpu\libgcc.a(_udivmoddi4.o)
 .debug_frame   0x00002b34       0x2c g:/ac6/systemworkbench/plugins/fr.ac6.mcu.externaltools.arm-none.win32_1.13.2.201703061525/tools/compiler/bin/../lib/gcc/arm-none-eabi/5.4.1/../../../../arm-none-eabi/lib/armv7e-m/fpu\libc_nano.a(lib_a-init.o)
 .debug_frame   0x00002b60       0x20 g:/ac6/systemworkbench/plugins/fr.ac6.mcu.externaltools.arm-none.win32_1.13.2.201703061525/tools/compiler/bin/../lib/gcc/arm-none-eabi/5.4.1/../../../../arm-none-eabi/lib/armv7e-m/fpu\libc_nano.a(lib_a-memset.o)
 .debug_frame   0x00002b80       0x70 g:/ac6/systemworkbench/plugins/fr.ac6.mcu.externaltools.arm-none.win32_1.13.2.201703061525/tools/compiler/bin/../lib/gcc/arm-none-eabi/5.4.1/../../../../arm-none-eabi/lib/armv7e-m/fpu\libc_nano.a(lib_a-sprintf.o)
 .debug_frame   0x00002bf0       0x90 g:/ac6/systemworkbench/plugins/fr.ac6.mcu.externaltools.arm-none.win32_1.13.2.201703061525/tools/compiler/bin/../lib/gcc/arm-none-eabi/5.4.1/../../../../arm-none-eabi/lib/armv7e-m/fpu\libc_nano.a(lib_a-nano-svfprintf.o)
 .debug_frame   0x00002c80       0x60 g:/ac6/systemworkbench/plugins/fr.ac6.mcu.externaltools.arm-none.win32_1.13.2.201703061525/tools/compiler/bin/../lib/gcc/arm-none-eabi/5.4.1/../../../../arm-none-eabi/lib/armv7e-m/fpu\libc_nano.a(lib_a-nano-vfprintf_i.o)
 .debug_frame   0x00002ce0       0x28 g:/ac6/systemworkbench/plugins/fr.ac6.mcu.externaltools.arm-none.win32_1.13.2.201703061525/tools/compiler/bin/../lib/gcc/arm-none-eabi/5.4.1/../../../../arm-none-eabi/lib/armv7e-m/fpu\libc_nano.a(lib_a-memcpy-stub.o)
 .debug_frame   0x00002d08       0x28 g:/ac6/systemworkbench/plugins/fr.ac6.mcu.externaltools.arm-none.win32_1.13.2.201703061525/tools/compiler/bin/../lib/gcc/arm-none-eabi/5.4.1/../../../../arm-none-eabi/lib/armv7e-m/fpu\libc_nano.a(lib_a-memmove.o)
 .debug_frame   0x00002d30       0x38 g:/ac6/systemworkbench/plugins/fr.ac6.mcu.externaltools.arm-none.win32_1.13.2.201703061525/tools/compiler/bin/../lib/gcc/arm-none-eabi/5.4.1/../../../../arm-none-eabi/lib/armv7e-m/fpu\libc_nano.a(lib_a-nano-freer.o)
 .debug_frame   0x00002d68       0x2c g:/ac6/systemworkbench/plugins/fr.ac6.mcu.externaltools.arm-none.win32_1.13.2.201703061525/tools/compiler/bin/../lib/gcc/arm-none-eabi/5.4.1/../../../../arm-none-eabi/lib/armv7e-m/fpu\libc_nano.a(lib_a-nano-mallocr.o)
 .debug_frame   0x00002d94       0x3c g:/ac6/systemworkbench/plugins/fr.ac6.mcu.externaltools.arm-none.win32_1.13.2.201703061525/tools/compiler/bin/../lib/gcc/arm-none-eabi/5.4.1/../../../../arm-none-eabi/lib/armv7e-m/fpu\libc_nano.a(lib_a-nano-reallocr.o)
 .debug_frame   0x00002dd0       0x2c g:/ac6/systemworkbench/plugins/fr.ac6.mcu.externaltools.arm-none.win32_1.13.2.201703061525/tools/compiler/bin/../lib/gcc/arm-none-eabi/5.4.1/../../../../arm-none-eabi/lib/armv7e-m/fpu\libc_nano.a(lib_a-sbrkr.o)
 .debug_frame   0x00002dfc       0x30 g:/ac6/systemworkbench/plugins/fr.ac6.mcu.externaltools.arm-none.win32_1.13.2.201703061525/tools/compiler/bin/../lib/gcc/arm-none-eabi/5.4.1/../../../../arm-none-eabi/lib/armv7e-m/fpu\libc_nano.a(lib_a-mlock.o)
 .debug_frame   0x00002e2c       0x20 g:/ac6/systemworkbench/plugins/fr.ac6.mcu.externaltools.arm-none.win32_1.13.2.201703061525/tools/compiler/bin/../lib/gcc/arm-none-eabi/5.4.1/../../../../arm-none-eabi/lib/armv7e-m/fpu\libc_nano.a(lib_a-nano-msizer.o)
 .debug_frame   0x00002e4c       0x5c g:/ac6/systemworkbench/plugins/fr.ac6.mcu.externaltools.arm-none.win32_1.13.2.201703061525/tools/compiler/bin/../lib/gcc/arm-none-eabi/5.4.1/../../../../arm-none-eabi/lib/armv7e-m/fpu\libc_nano.a(lib_a-reent.o)
 .debug_frame   0x00002ea8       0x20 g:/ac6/systemworkbench/plugins/fr.ac6.mcu.externaltools.arm-none.win32_1.13.2.201703061525/tools/compiler/bin/../lib/gcc/arm-none-eabi/5.4.1/../../../../arm-none-eabi/lib/armv7e-m/fpu\libnosys.a(sbrk.o)
